[0.387s] Invoking command in '/mnt/f/NITS/ANAV/main/build/my_drone_launcher': AMENT_PREFIX_PATH=/mnt/f/NITS/ANAV/main/install/my_robot_controller:/mnt/f/NITS/ANAV/main/install/my_robot_launcher:/mnt/f/NITS/ANAV/main/install/my_drone_launcher:/mnt/f/NITS/ANAV/main/ros2_Ws/install/my_robot_launcher:/mnt/f/NITS/ANAV/main/ros2_Ws/install/my_drone_launcher:/mnt/f/NITS/ANAV/main/ros2_Ws/install/my_robot_controller:/opt/ros/humble CMAKE_PREFIX_PATH=${CMAKE_PREFIX_PATH}:/mnt/f/NITS/ANAV/main/install/my_robot_controller:/mnt/f/NITS/ANAV/main/ros2_Ws/install/my_robot_controller:/opt/ros/humble /usr/bin/cmake --build /mnt/f/NITS/ANAV/main/build/my_drone_launcher -- -j8 -l8
[0.523s] Invoked command in '/mnt/f/NITS/ANAV/main/build/my_drone_launcher' returned '0': AMENT_PREFIX_PATH=/mnt/f/NITS/ANAV/main/install/my_robot_controller:/mnt/f/NITS/ANAV/main/install/my_robot_launcher:/mnt/f/NITS/ANAV/main/install/my_drone_launcher:/mnt/f/NITS/ANAV/main/ros2_Ws/install/my_robot_launcher:/mnt/f/NITS/ANAV/main/ros2_Ws/install/my_drone_launcher:/mnt/f/NITS/ANAV/main/ros2_Ws/install/my_robot_controller:/opt/ros/humble CMAKE_PREFIX_PATH=${CMAKE_PREFIX_PATH}:/mnt/f/NITS/ANAV/main/install/my_robot_controller:/mnt/f/NITS/ANAV/main/ros2_Ws/install/my_robot_controller:/opt/ros/humble /usr/bin/cmake --build /mnt/f/NITS/ANAV/main/build/my_drone_launcher -- -j8 -l8
[0.544s] Invoking command in '/mnt/f/NITS/ANAV/main/build/my_drone_launcher': AMENT_PREFIX_PATH=/mnt/f/NITS/ANAV/main/install/my_robot_controller:/mnt/f/NITS/ANAV/main/install/my_robot_launcher:/mnt/f/NITS/ANAV/main/install/my_drone_launcher:/mnt/f/NITS/ANAV/main/ros2_Ws/install/my_robot_launcher:/mnt/f/NITS/ANAV/main/ros2_Ws/install/my_drone_launcher:/mnt/f/NITS/ANAV/main/ros2_Ws/install/my_robot_controller:/opt/ros/humble CMAKE_PREFIX_PATH=${CMAKE_PREFIX_PATH}:/mnt/f/NITS/ANAV/main/install/my_robot_controller:/mnt/f/NITS/ANAV/main/ros2_Ws/install/my_robot_controller:/opt/ros/humble /usr/bin/cmake --install /mnt/f/NITS/ANAV/main/build/my_drone_launcher
[0.555s] -- Install configuration: ""
[0.562s] -- Up-to-date: /mnt/f/NITS/ANAV/main/install/my_drone_launcher/share/my_drone_launcher/launch
[0.586s] -- Up-to-date: /mnt/f/NITS/ANAV/main/install/my_drone_launcher/share/my_drone_launcher/launch/drone.launch.py
[0.613s] -- Up-to-date: /mnt/f/NITS/ANAV/main/install/my_drone_launcher/share/ament_index/resource_index/package_run_dependencies/my_drone_launcher
[0.639s] -- Up-to-date: /mnt/f/NITS/ANAV/main/install/my_drone_launcher/share/ament_index/resource_index/parent_prefix_path/my_drone_launcher
[0.651s] -- Up-to-date: /mnt/f/NITS/ANAV/main/install/my_drone_launcher/share/my_drone_launcher/environment/ament_prefix_path.sh
[0.668s] -- Up-to-date: /mnt/f/NITS/ANAV/main/install/my_drone_launcher/share/my_drone_launcher/environment/ament_prefix_path.dsv
[0.679s] -- Up-to-date: /mnt/f/NITS/ANAV/main/install/my_drone_launcher/share/my_drone_launcher/environment/path.sh
[0.695s] -- Up-to-date: /mnt/f/NITS/ANAV/main/install/my_drone_launcher/share/my_drone_launcher/environment/path.dsv
[0.711s] -- Up-to-date: /mnt/f/NITS/ANAV/main/install/my_drone_launcher/share/my_drone_launcher/local_setup.bash
[0.726s] -- Up-to-date: /mnt/f/NITS/ANAV/main/install/my_drone_launcher/share/my_drone_launcher/local_setup.sh
[0.741s] -- Up-to-date: /mnt/f/NITS/ANAV/main/install/my_drone_launcher/share/my_drone_launcher/local_setup.zsh
[0.753s] -- Up-to-date: /mnt/f/NITS/ANAV/main/install/my_drone_launcher/share/my_drone_launcher/local_setup.dsv
[0.770s] -- Installing: /mnt/f/NITS/ANAV/main/install/my_drone_launcher/share/my_drone_launcher/package.dsv
[0.824s] -- Up-to-date: /mnt/f/NITS/ANAV/main/install/my_drone_launcher/share/ament_index/resource_index/packages/my_drone_launcher
[0.861s] -- Up-to-date: /mnt/f/NITS/ANAV/main/install/my_drone_launcher/share/my_drone_launcher/cmake/my_drone_launcherConfig.cmake
[0.875s] -- Up-to-date: /mnt/f/NITS/ANAV/main/install/my_drone_launcher/share/my_drone_launcher/cmake/my_drone_launcherConfig-version.cmake
[0.893s] -- Up-to-date: /mnt/f/NITS/ANAV/main/install/my_drone_launcher/share/my_drone_launcher/package.xml
[0.902s] Invoked command in '/mnt/f/NITS/ANAV/main/build/my_drone_launcher' returned '0': AMENT_PREFIX_PATH=/mnt/f/NITS/ANAV/main/install/my_robot_controller:/mnt/f/NITS/ANAV/main/install/my_robot_launcher:/mnt/f/NITS/ANAV/main/install/my_drone_launcher:/mnt/f/NITS/ANAV/main/ros2_Ws/install/my_robot_launcher:/mnt/f/NITS/ANAV/main/ros2_Ws/install/my_drone_launcher:/mnt/f/NITS/ANAV/main/ros2_Ws/install/my_robot_controller:/opt/ros/humble CMAKE_PREFIX_PATH=${CMAKE_PREFIX_PATH}:/mnt/f/NITS/ANAV/main/install/my_robot_controller:/mnt/f/NITS/ANAV/main/ros2_Ws/install/my_robot_controller:/opt/ros/humble /usr/bin/cmake --install /mnt/f/NITS/ANAV/main/build/my_drone_launcher
