running egg_info
writing ../../../build/my_robot_controller/my_robot_controller.egg-info/PKG-INFO
writing dependency_links to ../../../build/my_robot_controller/my_robot_controller.egg-info/dependency_links.txt
writing entry points to ../../../build/my_robot_controller/my_robot_controller.egg-info/entry_points.txt
writing requirements to ../../../build/my_robot_controller/my_robot_controller.egg-info/requires.txt
writing top-level names to ../../../build/my_robot_controller/my_robot_controller.egg-info/top_level.txt
reading manifest file '../../../build/my_robot_controller/my_robot_controller.egg-info/SOURCES.txt'
writing manifest file '../../../build/my_robot_controller/my_robot_controller.egg-info/SOURCES.txt'
running build
running build_py
copying my_robot_controller/bridge_server.py -> /mnt/f/NITS/ANAV/main/build/my_robot_controller/build/lib/my_robot_controller
copying my_robot_controller/coordinate.py -> /mnt/f/NITS/ANAV/main/build/my_robot_controller/build/lib/my_robot_controller
copying my_robot_controller/path_mover_dummy.py -> /mnt/f/NITS/ANAV/main/build/my_robot_controller/build/lib/my_robot_controller
copying my_robot_controller/path_planner.py -> /mnt/f/NITS/ANAV/main/build/my_robot_controller/build/lib/my_robot_controller
running install
running install_lib
copying /mnt/f/NITS/ANAV/main/build/my_robot_controller/build/lib/my_robot_controller/bridge_server.py -> /mnt/f/NITS/ANAV/main/install/my_robot_controller/lib/python3.10/site-packages/my_robot_controller
copying /mnt/f/NITS/ANAV/main/build/my_robot_controller/build/lib/my_robot_controller/coordinate.py -> /mnt/f/NITS/ANAV/main/install/my_robot_controller/lib/python3.10/site-packages/my_robot_controller
copying /mnt/f/NITS/ANAV/main/build/my_robot_controller/build/lib/my_robot_controller/path_mover_dummy.py -> /mnt/f/NITS/ANAV/main/install/my_robot_controller/lib/python3.10/site-packages/my_robot_controller
copying /mnt/f/NITS/ANAV/main/build/my_robot_controller/build/lib/my_robot_controller/path_planner.py -> /mnt/f/NITS/ANAV/main/install/my_robot_controller/lib/python3.10/site-packages/my_robot_controller
byte-compiling /mnt/f/NITS/ANAV/main/install/my_robot_controller/lib/python3.10/site-packages/my_robot_controller/bridge_server.py to bridge_server.cpython-310.pyc
byte-compiling /mnt/f/NITS/ANAV/main/install/my_robot_controller/lib/python3.10/site-packages/my_robot_controller/coordinate.py to coordinate.cpython-310.pyc
byte-compiling /mnt/f/NITS/ANAV/main/install/my_robot_controller/lib/python3.10/site-packages/my_robot_controller/path_mover_dummy.py to path_mover_dummy.cpython-310.pyc
byte-compiling /mnt/f/NITS/ANAV/main/install/my_robot_controller/lib/python3.10/site-packages/my_robot_controller/path_planner.py to path_planner.cpython-310.pyc
running install_data
running install_egg_info
removing '/mnt/f/NITS/ANAV/main/install/my_robot_controller/lib/python3.10/site-packages/my_robot_controller-0.0.0-py3.10.egg-info' (and everything under it)
Copying ../../../build/my_robot_controller/my_robot_controller.egg-info to /mnt/f/NITS/ANAV/main/install/my_robot_controller/lib/python3.10/site-packages/my_robot_controller-0.0.0-py3.10.egg-info
running install_scripts
Installing boundary_mapper script to /mnt/f/NITS/ANAV/main/install/my_robot_controller/lib/my_robot_controller
Installing bridge_server script to /mnt/f/NITS/ANAV/main/install/my_robot_controller/lib/my_robot_controller
Installing bridge_server_combined script to /mnt/f/NITS/ANAV/main/install/my_robot_controller/lib/my_robot_controller
Installing coordinate script to /mnt/f/NITS/ANAV/main/install/my_robot_controller/lib/my_robot_controller
Installing flat_area script to /mnt/f/NITS/ANAV/main/install/my_robot_controller/lib/my_robot_controller
Installing height_publisher script to /mnt/f/NITS/ANAV/main/install/my_robot_controller/lib/my_robot_controller
Installing hover script to /mnt/f/NITS/ANAV/main/install/my_robot_controller/lib/my_robot_controller
Installing launch_checker script to /mnt/f/NITS/ANAV/main/install/my_robot_controller/lib/my_robot_controller
Installing mode_controller script to /mnt/f/NITS/ANAV/main/install/my_robot_controller/lib/my_robot_controller
Installing odom script to /mnt/f/NITS/ANAV/main/install/my_robot_controller/lib/my_robot_controller
Installing path_manual script to /mnt/f/NITS/ANAV/main/install/my_robot_controller/lib/my_robot_controller
Installing path_mover_dummy script to /mnt/f/NITS/ANAV/main/install/my_robot_controller/lib/my_robot_controller
Installing path_planner script to /mnt/f/NITS/ANAV/main/install/my_robot_controller/lib/my_robot_controller
Installing perpendicular_webcam script to /mnt/f/NITS/ANAV/main/install/my_robot_controller/lib/my_robot_controller
writing list of installed files to '/mnt/f/NITS/ANAV/main/build/my_robot_controller/install.log'
