[2.008s] Invoking command in '/mnt/f/NITS/ANAV/main/ros2_Ws/src/my_robot_controller': PYTHONPATH=/mnt/f/NITS/ANAV/main/build/my_robot_controller/prefix_override:/usr/lib/python3/dist-packages/colcon_core/task/python/colcon_distutils_commands:/mnt/f/NITS/ANAV/main/install/my_robot_controller/lib/python3.10/site-packages:${PYTHONPATH} /usr/bin/python3 -W ignore:setup.py install is deprecated -W ignore:easy_install command is deprecated setup.py egg_info --egg-base ../../../build/my_robot_controller build --build-base /mnt/f/NITS/ANAV/main/build/my_robot_controller/build install --record /mnt/f/NITS/ANAV/main/build/my_robot_controller/install.log --single-version-externally-managed install_data
[2.841s] running egg_info
[2.845s] writing ../../../build/my_robot_controller/my_robot_controller.egg-info/PKG-INFO
[2.869s] writing dependency_links to ../../../build/my_robot_controller/my_robot_controller.egg-info/dependency_links.txt
[2.870s] writing entry points to ../../../build/my_robot_controller/my_robot_controller.egg-info/entry_points.txt
[2.871s] writing requirements to ../../../build/my_robot_controller/my_robot_controller.egg-info/requires.txt
[2.872s] writing top-level names to ../../../build/my_robot_controller/my_robot_controller.egg-info/top_level.txt
[2.897s] reading manifest file '../../../build/my_robot_controller/my_robot_controller.egg-info/SOURCES.txt'
[2.962s] writing manifest file '../../../build/my_robot_controller/my_robot_controller.egg-info/SOURCES.txt'
[2.964s] running build
[2.965s] running build_py
[2.999s] copying my_robot_controller/bridge_server.py -> /mnt/f/NITS/ANAV/main/build/my_robot_controller/build/lib/my_robot_controller
[3.051s] copying my_robot_controller/coordinate.py -> /mnt/f/NITS/ANAV/main/build/my_robot_controller/build/lib/my_robot_controller
[3.109s] copying my_robot_controller/path_mover_dummy.py -> /mnt/f/NITS/ANAV/main/build/my_robot_controller/build/lib/my_robot_controller
[3.130s] copying my_robot_controller/path_planner.py -> /mnt/f/NITS/ANAV/main/build/my_robot_controller/build/lib/my_robot_controller
[3.173s] running install
[3.173s] running install_lib
[3.242s] copying /mnt/f/NITS/ANAV/main/build/my_robot_controller/build/lib/my_robot_controller/bridge_server.py -> /mnt/f/NITS/ANAV/main/install/my_robot_controller/lib/python3.10/site-packages/my_robot_controller
[3.284s] copying /mnt/f/NITS/ANAV/main/build/my_robot_controller/build/lib/my_robot_controller/coordinate.py -> /mnt/f/NITS/ANAV/main/install/my_robot_controller/lib/python3.10/site-packages/my_robot_controller
[3.388s] copying /mnt/f/NITS/ANAV/main/build/my_robot_controller/build/lib/my_robot_controller/path_mover_dummy.py -> /mnt/f/NITS/ANAV/main/install/my_robot_controller/lib/python3.10/site-packages/my_robot_controller
[3.415s] copying /mnt/f/NITS/ANAV/main/build/my_robot_controller/build/lib/my_robot_controller/path_planner.py -> /mnt/f/NITS/ANAV/main/install/my_robot_controller/lib/python3.10/site-packages/my_robot_controller
[3.481s] byte-compiling /mnt/f/NITS/ANAV/main/install/my_robot_controller/lib/python3.10/site-packages/my_robot_controller/bridge_server.py to bridge_server.cpython-310.pyc
[3.532s] byte-compiling /mnt/f/NITS/ANAV/main/install/my_robot_controller/lib/python3.10/site-packages/my_robot_controller/coordinate.py to coordinate.cpython-310.pyc
[3.628s] byte-compiling /mnt/f/NITS/ANAV/main/install/my_robot_controller/lib/python3.10/site-packages/my_robot_controller/path_mover_dummy.py to path_mover_dummy.cpython-310.pyc
[3.664s] byte-compiling /mnt/f/NITS/ANAV/main/install/my_robot_controller/lib/python3.10/site-packages/my_robot_controller/path_planner.py to path_planner.cpython-310.pyc
[3.707s] running install_data
[3.725s] running install_egg_info
[3.739s] removing '/mnt/f/NITS/ANAV/main/install/my_robot_controller/lib/python3.10/site-packages/my_robot_controller-0.0.0-py3.10.egg-info' (and everything under it)
[3.781s] Copying ../../../build/my_robot_controller/my_robot_controller.egg-info to /mnt/f/NITS/ANAV/main/install/my_robot_controller/lib/python3.10/site-packages/my_robot_controller-0.0.0-py3.10.egg-info
[3.964s] running install_scripts
[4.043s] Installing boundary_mapper script to /mnt/f/NITS/ANAV/main/install/my_robot_controller/lib/my_robot_controller
[4.052s] Installing bridge_server script to /mnt/f/NITS/ANAV/main/install/my_robot_controller/lib/my_robot_controller
[4.062s] Installing bridge_server_combined script to /mnt/f/NITS/ANAV/main/install/my_robot_controller/lib/my_robot_controller
[4.073s] Installing coordinate script to /mnt/f/NITS/ANAV/main/install/my_robot_controller/lib/my_robot_controller
[4.082s] Installing flat_area script to /mnt/f/NITS/ANAV/main/install/my_robot_controller/lib/my_robot_controller
[4.094s] Installing height_publisher script to /mnt/f/NITS/ANAV/main/install/my_robot_controller/lib/my_robot_controller
[4.145s] Installing hover script to /mnt/f/NITS/ANAV/main/install/my_robot_controller/lib/my_robot_controller
[4.172s] Installing launch_checker script to /mnt/f/NITS/ANAV/main/install/my_robot_controller/lib/my_robot_controller
[4.183s] Installing mode_controller script to /mnt/f/NITS/ANAV/main/install/my_robot_controller/lib/my_robot_controller
[4.197s] Installing odom script to /mnt/f/NITS/ANAV/main/install/my_robot_controller/lib/my_robot_controller
[4.209s] Installing path_manual script to /mnt/f/NITS/ANAV/main/install/my_robot_controller/lib/my_robot_controller
[4.221s] Installing path_mover_dummy script to /mnt/f/NITS/ANAV/main/install/my_robot_controller/lib/my_robot_controller
[4.266s] Installing path_planner script to /mnt/f/NITS/ANAV/main/install/my_robot_controller/lib/my_robot_controller
[4.323s] Installing perpendicular_webcam script to /mnt/f/NITS/ANAV/main/install/my_robot_controller/lib/my_robot_controller
[4.348s] writing list of installed files to '/mnt/f/NITS/ANAV/main/build/my_robot_controller/install.log'
[4.384s] Invoked command in '/mnt/f/NITS/ANAV/main/ros2_Ws/src/my_robot_controller' returned '0': PYTHONPATH=/mnt/f/NITS/ANAV/main/build/my_robot_controller/prefix_override:/usr/lib/python3/dist-packages/colcon_core/task/python/colcon_distutils_commands:/mnt/f/NITS/ANAV/main/install/my_robot_controller/lib/python3.10/site-packages:${PYTHONPATH} /usr/bin/python3 -W ignore:setup.py install is deprecated -W ignore:easy_install command is deprecated setup.py egg_info --egg-base ../../../build/my_robot_controller build --build-base /mnt/f/NITS/ANAV/main/build/my_robot_controller/build install --record /mnt/f/NITS/ANAV/main/build/my_robot_controller/install.log --single-version-externally-managed install_data
