/mnt/f/NITS/ANAV/main/install/my_robot_controller/lib/python3.10/site-packages/my_robot_controller/boundary_mapper.py
/mnt/f/NITS/ANAV/main/install/my_robot_controller/lib/python3.10/site-packages/my_robot_controller/boundary_mapper_actualv2.py
/mnt/f/NITS/ANAV/main/install/my_robot_controller/lib/python3.10/site-packages/my_robot_controller/bridge_server.py
/mnt/f/NITS/ANAV/main/install/my_robot_controller/lib/python3.10/site-packages/my_robot_controller/coordinate.py
/mnt/f/NITS/ANAV/main/install/my_robot_controller/lib/python3.10/site-packages/my_robot_controller/coordinate_new.py
/mnt/f/NITS/ANAV/main/install/my_robot_controller/lib/python3.10/site-packages/my_robot_controller/flat_area_processor.py
/mnt/f/NITS/ANAV/main/install/my_robot_controller/lib/python3.10/site-packages/my_robot_controller/height.py
/mnt/f/NITS/ANAV/main/install/my_robot_controller/lib/python3.10/site-packages/my_robot_controller/launcher.py
/mnt/f/NITS/ANAV/main/install/my_robot_controller/lib/python3.10/site-packages/my_robot_controller/launch_monitor.py
/mnt/f/NITS/ANAV/main/install/my_robot_controller/lib/python3.10/site-packages/my_robot_controller/path_planner.py
/mnt/f/NITS/ANAV/main/install/my_robot_controller/lib/python3.10/site-packages/my_robot_controller/__init__.py
/mnt/f/NITS/ANAV/main/install/my_robot_controller/lib/python3.10/site-packages/my_robot_controller/__pycache__/boundary_mapper.cpython-310.pyc
/mnt/f/NITS/ANAV/main/install/my_robot_controller/lib/python3.10/site-packages/my_robot_controller/__pycache__/boundary_mapper_actualv2.cpython-310.pyc
/mnt/f/NITS/ANAV/main/install/my_robot_controller/lib/python3.10/site-packages/my_robot_controller/__pycache__/bridge_server.cpython-310.pyc
/mnt/f/NITS/ANAV/main/install/my_robot_controller/lib/python3.10/site-packages/my_robot_controller/__pycache__/coordinate.cpython-310.pyc
/mnt/f/NITS/ANAV/main/install/my_robot_controller/lib/python3.10/site-packages/my_robot_controller/__pycache__/coordinate_new.cpython-310.pyc
/mnt/f/NITS/ANAV/main/install/my_robot_controller/lib/python3.10/site-packages/my_robot_controller/__pycache__/flat_area_processor.cpython-310.pyc
/mnt/f/NITS/ANAV/main/install/my_robot_controller/lib/python3.10/site-packages/my_robot_controller/__pycache__/height.cpython-310.pyc
/mnt/f/NITS/ANAV/main/install/my_robot_controller/lib/python3.10/site-packages/my_robot_controller/__pycache__/launcher.cpython-310.pyc
/mnt/f/NITS/ANAV/main/install/my_robot_controller/lib/python3.10/site-packages/my_robot_controller/__pycache__/launch_monitor.cpython-310.pyc
/mnt/f/NITS/ANAV/main/install/my_robot_controller/lib/python3.10/site-packages/my_robot_controller/__pycache__/path_planner.cpython-310.pyc
/mnt/f/NITS/ANAV/main/install/my_robot_controller/lib/python3.10/site-packages/my_robot_controller/__pycache__/__init__.cpython-310.pyc
/mnt/f/NITS/ANAV/main/install/my_robot_controller/share/ament_index/resource_index/packages/my_robot_controller
/mnt/f/NITS/ANAV/main/install/my_robot_controller/share/my_robot_controller/package.xml
/mnt/f/NITS/ANAV/main/install/my_robot_controller/lib/python3.10/site-packages/my_robot_controller-0.0.0-py3.10.egg-info/dependency_links.txt
/mnt/f/NITS/ANAV/main/install/my_robot_controller/lib/python3.10/site-packages/my_robot_controller-0.0.0-py3.10.egg-info/entry_points.txt
/mnt/f/NITS/ANAV/main/install/my_robot_controller/lib/python3.10/site-packages/my_robot_controller-0.0.0-py3.10.egg-info/PKG-INFO
/mnt/f/NITS/ANAV/main/install/my_robot_controller/lib/python3.10/site-packages/my_robot_controller-0.0.0-py3.10.egg-info/requires.txt
/mnt/f/NITS/ANAV/main/install/my_robot_controller/lib/python3.10/site-packages/my_robot_controller-0.0.0-py3.10.egg-info/SOURCES.txt
/mnt/f/NITS/ANAV/main/install/my_robot_controller/lib/python3.10/site-packages/my_robot_controller-0.0.0-py3.10.egg-info/top_level.txt
/mnt/f/NITS/ANAV/main/install/my_robot_controller/lib/python3.10/site-packages/my_robot_controller-0.0.0-py3.10.egg-info/zip-safe
/mnt/f/NITS/ANAV/main/install/my_robot_controller/lib/my_robot_controller/boundary_mapper
/mnt/f/NITS/ANAV/main/install/my_robot_controller/lib/my_robot_controller/bridge_server
/mnt/f/NITS/ANAV/main/install/my_robot_controller/lib/my_robot_controller/bridge_server_combined
/mnt/f/NITS/ANAV/main/install/my_robot_controller/lib/my_robot_controller/coordinate
/mnt/f/NITS/ANAV/main/install/my_robot_controller/lib/my_robot_controller/flat_area
/mnt/f/NITS/ANAV/main/install/my_robot_controller/lib/my_robot_controller/height_publisher
/mnt/f/NITS/ANAV/main/install/my_robot_controller/lib/my_robot_controller/hover
/mnt/f/NITS/ANAV/main/install/my_robot_controller/lib/my_robot_controller/launch_checker
/mnt/f/NITS/ANAV/main/install/my_robot_controller/lib/my_robot_controller/mode_controller
/mnt/f/NITS/ANAV/main/install/my_robot_controller/lib/my_robot_controller/odom
/mnt/f/NITS/ANAV/main/install/my_robot_controller/lib/my_robot_controller/path_manual
/mnt/f/NITS/ANAV/main/install/my_robot_controller/lib/my_robot_controller/path_planner
/mnt/f/NITS/ANAV/main/install/my_robot_controller/lib/my_robot_controller/perpendicular_webcam
