[0.263s] Invoking command in '/mnt/f/NITS/ANAV/main/ros2_Ws/build/my_drone_launcher': AMENT_PREFIX_PATH=/mnt/f/NITS/ANAV/main/ros2_Ws/install/my_robot_controller:/mnt/f/NITS/ANAV/main/ros2_Ws/install/my_robot_launcher:/opt/ros/humble CMAKE_PREFIX_PATH=${CMAKE_PREFIX_PATH}:/mnt/f/NITS/ANAV/main/ros2_Ws/install/my_robot_controller:/opt/ros/humble /usr/bin/cmake /mnt/f/NITS/ANAV/main/ros2_Ws/src/my_drone_launcher -DCMAKE_INSTALL_PREFIX=/mnt/f/NITS/ANAV/main/ros2_Ws/install/my_drone_launcher
[1.674s] -- The C compiler identification is GNU 11.4.0
[2.462s] -- The CXX compiler identification is GNU 11.4.0
[2.946s] -- Detecting C compiler ABI info
[3.654s] -- Detecting C compiler ABI info - done
[3.679s] -- Check for working C compiler: /usr/bin/cc - skipped
[3.695s] -- Detecting C compile features
[3.696s] -- Detecting C compile features - done
[3.760s] -- Detecting CXX compiler ABI info
[4.338s] -- Detecting CXX compiler ABI info - done
[4.366s] -- Check for working CXX compiler: /usr/bin/c++ - skipped
[4.367s] -- Detecting CXX compile features
[4.368s] -- Detecting CXX compile features - done
[4.481s] -- Found ament_cmake: 1.3.11 (/opt/ros/humble/share/ament_cmake/cmake)
[5.078s] -- Found Python3: /usr/bin/python3 (found version "3.10.12") found components: Interpreter 
[5.859s] [31mCMake Error at /opt/ros/humble/share/ament_cmake_core/cmake/core/ament_package_xml.cmake:53 (message):
[5.860s]   ament_package_xml() package name 'my_drone_launcher' in '/package.xml' does
[5.861s]   not match current PROJECT_NAME 'my_robot_launcher'.  You must call
[5.862s]   project() with the same package name before.
[5.863s] Call Stack (most recent call first):
[5.864s]   /opt/ros/humble/share/ament_cmake_core/cmake/core/ament_package.cmake:63 (ament_package_xml)
[5.865s]   CMakeLists.txt:14 (ament_package)
[5.866s] 
[5.868s] [0m
[5.868s] -- Configuring incomplete, errors occurred!
[5.876s] See also "/mnt/f/NITS/ANAV/main/ros2_Ws/build/my_drone_launcher/CMakeFiles/CMakeOutput.log".
[5.877s] Invoked command in '/mnt/f/NITS/ANAV/main/ros2_Ws/build/my_drone_launcher' returned '1': AMENT_PREFIX_PATH=/mnt/f/NITS/ANAV/main/ros2_Ws/install/my_robot_controller:/mnt/f/NITS/ANAV/main/ros2_Ws/install/my_robot_launcher:/opt/ros/humble CMAKE_PREFIX_PATH=${CMAKE_PREFIX_PATH}:/mnt/f/NITS/ANAV/main/ros2_Ws/install/my_robot_controller:/opt/ros/humble /usr/bin/cmake /mnt/f/NITS/ANAV/main/ros2_Ws/src/my_drone_launcher -DCMAKE_INSTALL_PREFIX=/mnt/f/NITS/ANAV/main/ros2_Ws/install/my_drone_launcher
