[2.470s] Invoking command in '/mnt/f/NITS/ANAV/main/ros2_Ws/src/boundary_mapper': PYTHONPATH=/mnt/f/NITS/ANAV/main/build/boundary_mapper/prefix_override:/usr/lib/python3/dist-packages/colcon_core/task/python/colcon_distutils_commands:/mnt/f/NITS/ANAV/main/install/boundary_mapper/lib/python3.10/site-packages:${PYTHONPATH} /usr/bin/python3 -W ignore:setup.py install is deprecated -W ignore:easy_install command is deprecated setup.py egg_info --egg-base ../../../build/boundary_mapper build --build-base /mnt/f/NITS/ANAV/main/build/boundary_mapper/build install --record /mnt/f/NITS/ANAV/main/build/boundary_mapper/install.log --single-version-externally-managed install_data
[3.491s] running egg_info
[3.495s] creating ../../../build/boundary_mapper/boundary_mapper.egg-info
[3.498s] writing ../../../build/boundary_mapper/boundary_mapper.egg-info/PKG-INFO
[3.506s] writing dependency_links to ../../../build/boundary_mapper/boundary_mapper.egg-info/dependency_links.txt
[3.511s] writing entry points to ../../../build/boundary_mapper/boundary_mapper.egg-info/entry_points.txt
[3.515s] writing requirements to ../../../build/boundary_mapper/boundary_mapper.egg-info/requires.txt
[3.518s] writing top-level names to ../../../build/boundary_mapper/boundary_mapper.egg-info/top_level.txt
[3.525s] writing manifest file '../../../build/boundary_mapper/boundary_mapper.egg-info/SOURCES.txt'
[3.552s] reading manifest file '../../../build/boundary_mapper/boundary_mapper.egg-info/SOURCES.txt'
[3.596s] writing manifest file '../../../build/boundary_mapper/boundary_mapper.egg-info/SOURCES.txt'
[3.599s] running build
[3.600s] running build_py
[3.604s] creating /mnt/f/NITS/ANAV/main/build/boundary_mapper/build
[3.605s] creating /mnt/f/NITS/ANAV/main/build/boundary_mapper/build/lib
[3.607s] creating /mnt/f/NITS/ANAV/main/build/boundary_mapper/build/lib/boundary_mapper
[3.614s] copying boundary_mapper/edge_calculator.py -> /mnt/f/NITS/ANAV/main/build/boundary_mapper/build/lib/boundary_mapper
[3.632s] copying boundary_mapper/mapper.py -> /mnt/f/NITS/ANAV/main/build/boundary_mapper/build/lib/boundary_mapper
[3.653s] copying boundary_mapper/navigator.py -> /mnt/f/NITS/ANAV/main/build/boundary_mapper/build/lib/boundary_mapper
[3.675s] copying boundary_mapper/__init__.py -> /mnt/f/NITS/ANAV/main/build/boundary_mapper/build/lib/boundary_mapper
[3.686s] running install
[3.687s] running install_lib
[3.706s] creating /mnt/f/NITS/ANAV/main/install/boundary_mapper/lib/python3.10/site-packages/boundary_mapper
[3.718s] copying /mnt/f/NITS/ANAV/main/build/boundary_mapper/build/lib/boundary_mapper/edge_calculator.py -> /mnt/f/NITS/ANAV/main/install/boundary_mapper/lib/python3.10/site-packages/boundary_mapper
[3.749s] copying /mnt/f/NITS/ANAV/main/build/boundary_mapper/build/lib/boundary_mapper/mapper.py -> /mnt/f/NITS/ANAV/main/install/boundary_mapper/lib/python3.10/site-packages/boundary_mapper
[3.780s] copying /mnt/f/NITS/ANAV/main/build/boundary_mapper/build/lib/boundary_mapper/navigator.py -> /mnt/f/NITS/ANAV/main/install/boundary_mapper/lib/python3.10/site-packages/boundary_mapper
[3.816s] copying /mnt/f/NITS/ANAV/main/build/boundary_mapper/build/lib/boundary_mapper/__init__.py -> /mnt/f/NITS/ANAV/main/install/boundary_mapper/lib/python3.10/site-packages/boundary_mapper
[3.851s] byte-compiling /mnt/f/NITS/ANAV/main/install/boundary_mapper/lib/python3.10/site-packages/boundary_mapper/edge_calculator.py to edge_calculator.cpython-310.pyc
[3.881s] byte-compiling /mnt/f/NITS/ANAV/main/install/boundary_mapper/lib/python3.10/site-packages/boundary_mapper/mapper.py to mapper.cpython-310.pyc
[3.913s] byte-compiling /mnt/f/NITS/ANAV/main/install/boundary_mapper/lib/python3.10/site-packages/boundary_mapper/navigator.py to navigator.cpython-310.pyc
[3.948s] byte-compiling /mnt/f/NITS/ANAV/main/install/boundary_mapper/lib/python3.10/site-packages/boundary_mapper/__init__.py to __init__.cpython-310.pyc
[3.971s] running install_data
[3.977s] creating /mnt/f/NITS/ANAV/main/install/boundary_mapper/share/ament_index
[3.979s] creating /mnt/f/NITS/ANAV/main/install/boundary_mapper/share/ament_index/resource_index
[3.981s] creating /mnt/f/NITS/ANAV/main/install/boundary_mapper/share/ament_index/resource_index/packages
[3.989s] copying resource/boundary_mapper -> /mnt/f/NITS/ANAV/main/install/boundary_mapper/share/ament_index/resource_index/packages
[4.007s] copying package.xml -> /mnt/f/NITS/ANAV/main/install/boundary_mapper/share/boundary_mapper
[4.016s] running install_egg_info
[4.036s] Copying ../../../build/boundary_mapper/boundary_mapper.egg-info to /mnt/f/NITS/ANAV/main/install/boundary_mapper/lib/python3.10/site-packages/boundary_mapper-0.0.0-py3.10.egg-info
[4.308s] running install_scripts
[4.413s] Installing edge_calculator script to /mnt/f/NITS/ANAV/main/install/boundary_mapper/lib/boundary_mapper
[4.425s] Installing mapper script to /mnt/f/NITS/ANAV/main/install/boundary_mapper/lib/boundary_mapper
[4.437s] Installing navigator script to /mnt/f/NITS/ANAV/main/install/boundary_mapper/lib/boundary_mapper
[4.452s] writing list of installed files to '/mnt/f/NITS/ANAV/main/build/boundary_mapper/install.log'
[4.493s] Invoked command in '/mnt/f/NITS/ANAV/main/ros2_Ws/src/boundary_mapper' returned '0': PYTHONPATH=/mnt/f/NITS/ANAV/main/build/boundary_mapper/prefix_override:/usr/lib/python3/dist-packages/colcon_core/task/python/colcon_distutils_commands:/mnt/f/NITS/ANAV/main/install/boundary_mapper/lib/python3.10/site-packages:${PYTHONPATH} /usr/bin/python3 -W ignore:setup.py install is deprecated -W ignore:easy_install command is deprecated setup.py egg_info --egg-base ../../../build/boundary_mapper build --build-base /mnt/f/NITS/ANAV/main/build/boundary_mapper/build install --record /mnt/f/NITS/ANAV/main/build/boundary_mapper/install.log --single-version-externally-managed install_data
