[1.249s] Invoking command in '/mnt/f/NITS/ANAV/main/ros2_Ws/build/my_drone_launcher': AMENT_PREFIX_PATH=/mnt/f/NITS/ANAV/main/ros2_Ws/install/my_robot_controller:/mnt/f/NITS/ANAV/main/ros2_Ws/install/my_robot_launcher:/mnt/f/NITS/ANAV/main/ros2_Ws/install/my_drone_launcher:/opt/ros/humble CMAKE_PREFIX_PATH=${CMAKE_PREFIX_PATH}:/mnt/f/NITS/ANAV/main/ros2_Ws/install/my_robot_controller:/opt/ros/humble /usr/bin/cmake --build /mnt/f/NITS/ANAV/main/ros2_Ws/build/my_drone_launcher -- -j8 -l8
[1.650s] Invoked command in '/mnt/f/NITS/ANAV/main/ros2_Ws/build/my_drone_launcher' returned '0': AMENT_PREFIX_PATH=/mnt/f/NITS/ANAV/main/ros2_Ws/install/my_robot_controller:/mnt/f/NITS/ANAV/main/ros2_Ws/install/my_robot_launcher:/mnt/f/NITS/ANAV/main/ros2_Ws/install/my_drone_launcher:/opt/ros/humble CMAKE_PREFIX_PATH=${CMAKE_PREFIX_PATH}:/mnt/f/NITS/ANAV/main/ros2_Ws/install/my_robot_controller:/opt/ros/humble /usr/bin/cmake --build /mnt/f/NITS/ANAV/main/ros2_Ws/build/my_drone_launcher -- -j8 -l8
[1.765s] Invoking command in '/mnt/f/NITS/ANAV/main/ros2_Ws/build/my_drone_launcher': AMENT_PREFIX_PATH=/mnt/f/NITS/ANAV/main/ros2_Ws/install/my_robot_controller:/mnt/f/NITS/ANAV/main/ros2_Ws/install/my_robot_launcher:/mnt/f/NITS/ANAV/main/ros2_Ws/install/my_drone_launcher:/opt/ros/humble CMAKE_PREFIX_PATH=${CMAKE_PREFIX_PATH}:/mnt/f/NITS/ANAV/main/ros2_Ws/install/my_robot_controller:/opt/ros/humble /usr/bin/cmake --install /mnt/f/NITS/ANAV/main/ros2_Ws/build/my_drone_launcher
[1.803s] -- Install configuration: ""
[1.847s] -- Up-to-date: /mnt/f/NITS/ANAV/main/ros2_Ws/install/my_drone_launcher/share/my_drone_launcher/launch
[1.973s] -- Installing: /mnt/f/NITS/ANAV/main/ros2_Ws/install/my_drone_launcher/share/my_drone_launcher/launch/drone.launch.py
[2.469s] -- Up-to-date: /mnt/f/NITS/ANAV/main/ros2_Ws/install/my_drone_launcher/share/ament_index/resource_index/package_run_dependencies/my_drone_launcher
[2.626s] -- Up-to-date: /mnt/f/NITS/ANAV/main/ros2_Ws/install/my_drone_launcher/share/ament_index/resource_index/parent_prefix_path/my_drone_launcher
[2.706s] -- Up-to-date: /mnt/f/NITS/ANAV/main/ros2_Ws/install/my_drone_launcher/share/my_drone_launcher/environment/ament_prefix_path.sh
[2.799s] -- Up-to-date: /mnt/f/NITS/ANAV/main/ros2_Ws/install/my_drone_launcher/share/my_drone_launcher/environment/ament_prefix_path.dsv
[2.851s] -- Up-to-date: /mnt/f/NITS/ANAV/main/ros2_Ws/install/my_drone_launcher/share/my_drone_launcher/environment/path.sh
[2.929s] -- Up-to-date: /mnt/f/NITS/ANAV/main/ros2_Ws/install/my_drone_launcher/share/my_drone_launcher/environment/path.dsv
[2.997s] -- Up-to-date: /mnt/f/NITS/ANAV/main/ros2_Ws/install/my_drone_launcher/share/my_drone_launcher/local_setup.bash
[3.063s] -- Up-to-date: /mnt/f/NITS/ANAV/main/ros2_Ws/install/my_drone_launcher/share/my_drone_launcher/local_setup.sh
[3.131s] -- Up-to-date: /mnt/f/NITS/ANAV/main/ros2_Ws/install/my_drone_launcher/share/my_drone_launcher/local_setup.zsh
[3.198s] -- Up-to-date: /mnt/f/NITS/ANAV/main/ros2_Ws/install/my_drone_launcher/share/my_drone_launcher/local_setup.dsv
[3.264s] -- Installing: /mnt/f/NITS/ANAV/main/ros2_Ws/install/my_drone_launcher/share/my_drone_launcher/package.dsv
[3.565s] -- Up-to-date: /mnt/f/NITS/ANAV/main/ros2_Ws/install/my_drone_launcher/share/ament_index/resource_index/packages/my_drone_launcher
[3.601s] -- Up-to-date: /mnt/f/NITS/ANAV/main/ros2_Ws/install/my_drone_launcher/share/my_drone_launcher/cmake/my_drone_launcherConfig.cmake
[3.628s] -- Up-to-date: /mnt/f/NITS/ANAV/main/ros2_Ws/install/my_drone_launcher/share/my_drone_launcher/cmake/my_drone_launcherConfig-version.cmake
[3.670s] -- Up-to-date: /mnt/f/NITS/ANAV/main/ros2_Ws/install/my_drone_launcher/share/my_drone_launcher/package.xml
[3.694s] Invoked command in '/mnt/f/NITS/ANAV/main/ros2_Ws/build/my_drone_launcher' returned '0': AMENT_PREFIX_PATH=/mnt/f/NITS/ANAV/main/ros2_Ws/install/my_robot_controller:/mnt/f/NITS/ANAV/main/ros2_Ws/install/my_robot_launcher:/mnt/f/NITS/ANAV/main/ros2_Ws/install/my_drone_launcher:/opt/ros/humble CMAKE_PREFIX_PATH=${CMAKE_PREFIX_PATH}:/mnt/f/NITS/ANAV/main/ros2_Ws/install/my_robot_controller:/opt/ros/humble /usr/bin/cmake --install /mnt/f/NITS/ANAV/main/ros2_Ws/build/my_drone_launcher
