[0.320s] Invoking command in '/mnt/f/NITS/ANAV/main/build/boundary_mapper_launcher': AMENT_PREFIX_PATH=/mnt/f/NITS/ANAV/main/install/boundary_mapper:/mnt/f/NITS/ANAV/main/install/boundary_mapper_launcher:/mnt/f/NITS/ANAV/main/ros2_Ws/install/boundary_mapper_launcher:/mnt/f/NITS/ANAV/main/ros2_Ws/install/boundary_mapper:/opt/ros/humble CMAKE_PREFIX_PATH=${CMAKE_PREFIX_PATH}:/mnt/f/NITS/ANAV/main/install/boundary_mapper:/mnt/f/NITS/ANAV/main/ros2_Ws/install/boundary_mapper:/opt/ros/humble /usr/bin/cmake /mnt/f/NITS/ANAV/main/ros2_Ws/src/boundary_mapper_launcher -DCMAKE_INSTALL_PREFIX=/mnt/f/NITS/ANAV/main/install/boundary_mapper_launcher
[0.958s] -- The C compiler identification is GNU 11.4.0
[1.928s] -- The CXX compiler identification is GNU 11.4.0
[2.551s] -- Detecting C compiler ABI info
[3.122s] -- Detecting C compiler ABI info - done
[3.146s] -- Check for working C compiler: /usr/bin/cc - skipped
[3.156s] -- Detecting C compile features
[3.158s] -- Detecting C compile features - done
[3.206s] -- Detecting CXX compiler ABI info
[3.802s] -- Detecting CXX compiler ABI info - done
[3.826s] -- Check for working CXX compiler: /usr/bin/c++ - skipped
[3.827s] -- Detecting CXX compile features
[3.828s] -- Detecting CXX compile features - done
[3.997s] -- Found ament_cmake: 1.3.11 (/opt/ros/humble/share/ament_cmake/cmake)
[5.285s] -- Found Python3: /usr/bin/python3 (found version "3.10.12") found components: Interpreter 
[8.497s] -- Configuring done
[8.689s] -- Generating done
[8.824s] -- Build files have been written to: /mnt/f/NITS/ANAV/main/build/boundary_mapper_launcher
[8.829s] Invoked command in '/mnt/f/NITS/ANAV/main/build/boundary_mapper_launcher' returned '0': AMENT_PREFIX_PATH=/mnt/f/NITS/ANAV/main/install/boundary_mapper:/mnt/f/NITS/ANAV/main/install/boundary_mapper_launcher:/mnt/f/NITS/ANAV/main/ros2_Ws/install/boundary_mapper_launcher:/mnt/f/NITS/ANAV/main/ros2_Ws/install/boundary_mapper:/opt/ros/humble CMAKE_PREFIX_PATH=${CMAKE_PREFIX_PATH}:/mnt/f/NITS/ANAV/main/install/boundary_mapper:/mnt/f/NITS/ANAV/main/ros2_Ws/install/boundary_mapper:/opt/ros/humble /usr/bin/cmake /mnt/f/NITS/ANAV/main/ros2_Ws/src/boundary_mapper_launcher -DCMAKE_INSTALL_PREFIX=/mnt/f/NITS/ANAV/main/install/boundary_mapper_launcher
[8.840s] Invoking command in '/mnt/f/NITS/ANAV/main/build/boundary_mapper_launcher': AMENT_PREFIX_PATH=/mnt/f/NITS/ANAV/main/install/boundary_mapper:/mnt/f/NITS/ANAV/main/install/boundary_mapper_launcher:/mnt/f/NITS/ANAV/main/ros2_Ws/install/boundary_mapper_launcher:/mnt/f/NITS/ANAV/main/ros2_Ws/install/boundary_mapper:/opt/ros/humble CMAKE_PREFIX_PATH=${CMAKE_PREFIX_PATH}:/mnt/f/NITS/ANAV/main/install/boundary_mapper:/mnt/f/NITS/ANAV/main/ros2_Ws/install/boundary_mapper:/opt/ros/humble /usr/bin/cmake --build /mnt/f/NITS/ANAV/main/build/boundary_mapper_launcher -- -j8 -l8
[8.934s] Invoked command in '/mnt/f/NITS/ANAV/main/build/boundary_mapper_launcher' returned '0': AMENT_PREFIX_PATH=/mnt/f/NITS/ANAV/main/install/boundary_mapper:/mnt/f/NITS/ANAV/main/install/boundary_mapper_launcher:/mnt/f/NITS/ANAV/main/ros2_Ws/install/boundary_mapper_launcher:/mnt/f/NITS/ANAV/main/ros2_Ws/install/boundary_mapper:/opt/ros/humble CMAKE_PREFIX_PATH=${CMAKE_PREFIX_PATH}:/mnt/f/NITS/ANAV/main/install/boundary_mapper:/mnt/f/NITS/ANAV/main/ros2_Ws/install/boundary_mapper:/opt/ros/humble /usr/bin/cmake --build /mnt/f/NITS/ANAV/main/build/boundary_mapper_launcher -- -j8 -l8
[8.965s] Invoking command in '/mnt/f/NITS/ANAV/main/build/boundary_mapper_launcher': AMENT_PREFIX_PATH=/mnt/f/NITS/ANAV/main/install/boundary_mapper:/mnt/f/NITS/ANAV/main/install/boundary_mapper_launcher:/mnt/f/NITS/ANAV/main/ros2_Ws/install/boundary_mapper_launcher:/mnt/f/NITS/ANAV/main/ros2_Ws/install/boundary_mapper:/opt/ros/humble CMAKE_PREFIX_PATH=${CMAKE_PREFIX_PATH}:/mnt/f/NITS/ANAV/main/install/boundary_mapper:/mnt/f/NITS/ANAV/main/ros2_Ws/install/boundary_mapper:/opt/ros/humble /usr/bin/cmake --install /mnt/f/NITS/ANAV/main/build/boundary_mapper_launcher
[8.975s] -- Install configuration: ""
[8.983s] -- Installing: /mnt/f/NITS/ANAV/main/install/boundary_mapper_launcher/share/boundary_mapper_launcher/launch
[9.015s] -- Installing: /mnt/f/NITS/ANAV/main/install/boundary_mapper_launcher/share/boundary_mapper_launcher/launch/robot.launch.py
[9.104s] -- Installing: /mnt/f/NITS/ANAV/main/install/boundary_mapper_launcher/share/ament_index/resource_index/package_run_dependencies/boundary_mapper_launcher
[9.183s] -- Installing: /mnt/f/NITS/ANAV/main/install/boundary_mapper_launcher/share/ament_index/resource_index/parent_prefix_path/boundary_mapper_launcher
[9.254s] -- Installing: /mnt/f/NITS/ANAV/main/install/boundary_mapper_launcher/share/boundary_mapper_launcher/environment/ament_prefix_path.sh
[9.348s] -- Installing: /mnt/f/NITS/ANAV/main/install/boundary_mapper_launcher/share/boundary_mapper_launcher/environment/ament_prefix_path.dsv
[9.447s] -- Installing: /mnt/f/NITS/ANAV/main/install/boundary_mapper_launcher/share/boundary_mapper_launcher/environment/path.sh
[9.506s] -- Installing: /mnt/f/NITS/ANAV/main/install/boundary_mapper_launcher/share/boundary_mapper_launcher/environment/path.dsv
[9.635s] -- Installing: /mnt/f/NITS/ANAV/main/install/boundary_mapper_launcher/share/boundary_mapper_launcher/local_setup.bash
[10.388s] -- Installing: /mnt/f/NITS/ANAV/main/install/boundary_mapper_launcher/share/boundary_mapper_launcher/local_setup.sh
[10.511s] -- Installing: /mnt/f/NITS/ANAV/main/install/boundary_mapper_launcher/share/boundary_mapper_launcher/local_setup.zsh
[10.571s] -- Installing: /mnt/f/NITS/ANAV/main/install/boundary_mapper_launcher/share/boundary_mapper_launcher/local_setup.dsv
[10.627s] -- Installing: /mnt/f/NITS/ANAV/main/install/boundary_mapper_launcher/share/boundary_mapper_launcher/package.dsv
[10.708s] -- Installing: /mnt/f/NITS/ANAV/main/install/boundary_mapper_launcher/share/ament_index/resource_index/packages/boundary_mapper_launcher
[10.819s] -- Installing: /mnt/f/NITS/ANAV/main/install/boundary_mapper_launcher/share/boundary_mapper_launcher/cmake/boundary_mapper_launcherConfig.cmake
[10.890s] -- Installing: /mnt/f/NITS/ANAV/main/install/boundary_mapper_launcher/share/boundary_mapper_launcher/cmake/boundary_mapper_launcherConfig-version.cmake
[10.976s] -- Installing: /mnt/f/NITS/ANAV/main/install/boundary_mapper_launcher/share/boundary_mapper_launcher/package.xml
[11.030s] Invoked command in '/mnt/f/NITS/ANAV/main/build/boundary_mapper_launcher' returned '0': AMENT_PREFIX_PATH=/mnt/f/NITS/ANAV/main/install/boundary_mapper:/mnt/f/NITS/ANAV/main/install/boundary_mapper_launcher:/mnt/f/NITS/ANAV/main/ros2_Ws/install/boundary_mapper_launcher:/mnt/f/NITS/ANAV/main/ros2_Ws/install/boundary_mapper:/opt/ros/humble CMAKE_PREFIX_PATH=${CMAKE_PREFIX_PATH}:/mnt/f/NITS/ANAV/main/install/boundary_mapper:/mnt/f/NITS/ANAV/main/ros2_Ws/install/boundary_mapper:/opt/ros/humble /usr/bin/cmake --install /mnt/f/NITS/ANAV/main/build/boundary_mapper_launcher
