/mnt/f/NITS/ANAV/main/install/boundary_mapper/lib/python3.10/site-packages/boundary_mapper/edge_calculator.py
/mnt/f/NITS/ANAV/main/install/boundary_mapper/lib/python3.10/site-packages/boundary_mapper/mapper.py
/mnt/f/NITS/ANAV/main/install/boundary_mapper/lib/python3.10/site-packages/boundary_mapper/navigator.py
/mnt/f/NITS/ANAV/main/install/boundary_mapper/lib/python3.10/site-packages/boundary_mapper/__init__.py
/mnt/f/NITS/ANAV/main/install/boundary_mapper/lib/python3.10/site-packages/boundary_mapper/__pycache__/edge_calculator.cpython-310.pyc
/mnt/f/NITS/ANAV/main/install/boundary_mapper/lib/python3.10/site-packages/boundary_mapper/__pycache__/mapper.cpython-310.pyc
/mnt/f/NITS/ANAV/main/install/boundary_mapper/lib/python3.10/site-packages/boundary_mapper/__pycache__/navigator.cpython-310.pyc
/mnt/f/NITS/ANAV/main/install/boundary_mapper/lib/python3.10/site-packages/boundary_mapper/__pycache__/__init__.cpython-310.pyc
/mnt/f/NITS/ANAV/main/install/boundary_mapper/share/ament_index/resource_index/packages/boundary_mapper
/mnt/f/NITS/ANAV/main/install/boundary_mapper/share/boundary_mapper/package.xml
/mnt/f/NITS/ANAV/main/install/boundary_mapper/lib/python3.10/site-packages/boundary_mapper-0.0.0-py3.10.egg-info/dependency_links.txt
/mnt/f/NITS/ANAV/main/install/boundary_mapper/lib/python3.10/site-packages/boundary_mapper-0.0.0-py3.10.egg-info/entry_points.txt
/mnt/f/NITS/ANAV/main/install/boundary_mapper/lib/python3.10/site-packages/boundary_mapper-0.0.0-py3.10.egg-info/PKG-INFO
/mnt/f/NITS/ANAV/main/install/boundary_mapper/lib/python3.10/site-packages/boundary_mapper-0.0.0-py3.10.egg-info/requires.txt
/mnt/f/NITS/ANAV/main/install/boundary_mapper/lib/python3.10/site-packages/boundary_mapper-0.0.0-py3.10.egg-info/SOURCES.txt
/mnt/f/NITS/ANAV/main/install/boundary_mapper/lib/python3.10/site-packages/boundary_mapper-0.0.0-py3.10.egg-info/top_level.txt
/mnt/f/NITS/ANAV/main/install/boundary_mapper/lib/python3.10/site-packages/boundary_mapper-0.0.0-py3.10.egg-info/zip-safe
/mnt/f/NITS/ANAV/main/install/boundary_mapper/lib/boundary_mapper/edge_calculator
/mnt/f/NITS/ANAV/main/install/boundary_mapper/lib/boundary_mapper/mapper
/mnt/f/NITS/ANAV/main/install/boundary_mapper/lib/boundary_mapper/navigator
