[2.420s] Invoking command in '/mnt/f/NITS/ANAV/main/ros2_Ws/src/my_robot_controller': PYTHONPATH=/mnt/f/NITS/ANAV/main/build/my_robot_controller/prefix_override:/usr/lib/python3/dist-packages/colcon_core/task/python/colcon_distutils_commands:/mnt/f/NITS/ANAV/main/install/my_robot_controller/lib/python3.10/site-packages:${PYTHONPATH} /usr/bin/python3 -W ignore:setup.py install is deprecated -W ignore:easy_install command is deprecated setup.py egg_info --egg-base ../../../build/my_robot_controller build --build-base /mnt/f/NITS/ANAV/main/build/my_robot_controller/build install --record /mnt/f/NITS/ANAV/main/build/my_robot_controller/install.log --single-version-externally-managed install_data
[3.357s] running egg_info
[3.362s] writing ../../../build/my_robot_controller/my_robot_controller.egg-info/PKG-INFO
[3.367s] writing dependency_links to ../../../build/my_robot_controller/my_robot_controller.egg-info/dependency_links.txt
[3.371s] writing entry points to ../../../build/my_robot_controller/my_robot_controller.egg-info/entry_points.txt
[3.374s] writing requirements to ../../../build/my_robot_controller/my_robot_controller.egg-info/requires.txt
[3.377s] writing top-level names to ../../../build/my_robot_controller/my_robot_controller.egg-info/top_level.txt
[3.405s] reading manifest file '../../../build/my_robot_controller/my_robot_controller.egg-info/SOURCES.txt'
[3.480s] writing manifest file '../../../build/my_robot_controller/my_robot_controller.egg-info/SOURCES.txt'
[3.482s] running build
[3.483s] running build_py
[3.607s] running install
[3.607s] running install_lib
[3.895s] running install_data
[3.913s] running install_egg_info
[3.924s] removing '/mnt/f/NITS/ANAV/main/install/my_robot_controller/lib/python3.10/site-packages/my_robot_controller-0.0.0-py3.10.egg-info' (and everything under it)
[3.967s] Copying ../../../build/my_robot_controller/my_robot_controller.egg-info to /mnt/f/NITS/ANAV/main/install/my_robot_controller/lib/python3.10/site-packages/my_robot_controller-0.0.0-py3.10.egg-info
[4.135s] running install_scripts
[4.210s] Installing boundary_mapper script to /mnt/f/NITS/ANAV/main/install/my_robot_controller/lib/my_robot_controller
[4.218s] Installing bridge_server script to /mnt/f/NITS/ANAV/main/install/my_robot_controller/lib/my_robot_controller
[4.228s] Installing bridge_server_combined script to /mnt/f/NITS/ANAV/main/install/my_robot_controller/lib/my_robot_controller
[4.236s] Installing coordinate script to /mnt/f/NITS/ANAV/main/install/my_robot_controller/lib/my_robot_controller
[4.245s] Installing flat_area script to /mnt/f/NITS/ANAV/main/install/my_robot_controller/lib/my_robot_controller
[4.253s] Installing height_publisher script to /mnt/f/NITS/ANAV/main/install/my_robot_controller/lib/my_robot_controller
[4.262s] Installing hover script to /mnt/f/NITS/ANAV/main/install/my_robot_controller/lib/my_robot_controller
[4.270s] Installing launch_checker script to /mnt/f/NITS/ANAV/main/install/my_robot_controller/lib/my_robot_controller
[4.279s] Installing mode_controller script to /mnt/f/NITS/ANAV/main/install/my_robot_controller/lib/my_robot_controller
[4.287s] Installing odom script to /mnt/f/NITS/ANAV/main/install/my_robot_controller/lib/my_robot_controller
[4.295s] Installing path_manual script to /mnt/f/NITS/ANAV/main/install/my_robot_controller/lib/my_robot_controller
[4.303s] Installing path_planner script to /mnt/f/NITS/ANAV/main/install/my_robot_controller/lib/my_robot_controller
[4.311s] Installing perpendicular_webcam script to /mnt/f/NITS/ANAV/main/install/my_robot_controller/lib/my_robot_controller
[4.320s] writing list of installed files to '/mnt/f/NITS/ANAV/main/build/my_robot_controller/install.log'
[4.362s] Invoked command in '/mnt/f/NITS/ANAV/main/ros2_Ws/src/my_robot_controller' returned '0': PYTHONPATH=/mnt/f/NITS/ANAV/main/build/my_robot_controller/prefix_override:/usr/lib/python3/dist-packages/colcon_core/task/python/colcon_distutils_commands:/mnt/f/NITS/ANAV/main/install/my_robot_controller/lib/python3.10/site-packages:${PYTHONPATH} /usr/bin/python3 -W ignore:setup.py install is deprecated -W ignore:easy_install command is deprecated setup.py egg_info --egg-base ../../../build/my_robot_controller build --build-base /mnt/f/NITS/ANAV/main/build/my_robot_controller/build install --record /mnt/f/NITS/ANAV/main/build/my_robot_controller/install.log --single-version-externally-managed install_data
