/home/nits/.local/lib/python3.10/site-packages/setuptools/_distutils/dist.py:289: UserWarning: Unknown distribution option: 'tests_require'
  warnings.warn(msg)
running egg_info
creating ../../build/my_robot_controller/my_robot_controller.egg-info
writing ../../build/my_robot_controller/my_robot_controller.egg-info/PKG-INFO
writing dependency_links to ../../build/my_robot_controller/my_robot_controller.egg-info/dependency_links.txt
writing requirements to ../../build/my_robot_controller/my_robot_controller.egg-info/requires.txt
writing top-level names to ../../build/my_robot_controller/my_robot_controller.egg-info/top_level.txt
writing manifest file '../../build/my_robot_controller/my_robot_controller.egg-info/SOURCES.txt'
reading manifest file '../../build/my_robot_controller/my_robot_controller.egg-info/SOURCES.txt'
writing manifest file '../../build/my_robot_controller/my_robot_controller.egg-info/SOURCES.txt'
running build
running build_py
creating /home/nits/master_controller/nits-yantrarnav/ros2_ws/build/my_robot_controller/build/lib/my_robot_controller
copying my_robot_controller/flat_area_processor.py -> /home/nits/master_controller/nits-yantrarnav/ros2_ws/build/my_robot_controller/build/lib/my_robot_controller
copying my_robot_controller/__init__.py -> /home/nits/master_controller/nits-yantrarnav/ros2_ws/build/my_robot_controller/build/lib/my_robot_controller
running install
running install_lib
creating /home/nits/master_controller/nits-yantrarnav/ros2_ws/install/my_robot_controller/lib/python3.10/site-packages/my_robot_controller
copying /home/nits/master_controller/nits-yantrarnav/ros2_ws/build/my_robot_controller/build/lib/my_robot_controller/flat_area_processor.py -> /home/nits/master_controller/nits-yantrarnav/ros2_ws/install/my_robot_controller/lib/python3.10/site-packages/my_robot_controller
copying /home/nits/master_controller/nits-yantrarnav/ros2_ws/build/my_robot_controller/build/lib/my_robot_controller/__init__.py -> /home/nits/master_controller/nits-yantrarnav/ros2_ws/install/my_robot_controller/lib/python3.10/site-packages/my_robot_controller
byte-compiling /home/nits/master_controller/nits-yantrarnav/ros2_ws/install/my_robot_controller/lib/python3.10/site-packages/my_robot_controller/flat_area_processor.py to flat_area_processor.cpython-310.pyc
byte-compiling /home/nits/master_controller/nits-yantrarnav/ros2_ws/install/my_robot_controller/lib/python3.10/site-packages/my_robot_controller/__init__.py to __init__.cpython-310.pyc
running install_data
creating /home/nits/master_controller/nits-yantrarnav/ros2_ws/install/my_robot_controller/share/ament_index/resource_index/packages
copying resource/my_robot_controller -> /home/nits/master_controller/nits-yantrarnav/ros2_ws/install/my_robot_controller/share/ament_index/resource_index/packages
copying package.xml -> /home/nits/master_controller/nits-yantrarnav/ros2_ws/install/my_robot_controller/share/my_robot_controller
running install_egg_info
Copying ../../build/my_robot_controller/my_robot_controller.egg-info to /home/nits/master_controller/nits-yantrarnav/ros2_ws/install/my_robot_controller/lib/python3.10/site-packages/my_robot_controller-0.0.0-py3.10.egg-info
running install_scripts
writing list of installed files to '/home/nits/master_controller/nits-yantrarnav/ros2_ws/build/my_robot_controller/install.log'
