[2.009s] Invoking command in '/home/nits/master_controller/nits-yantrarnav/ros2_ws/src/my_robot_controller': PYTHONPATH=/home/nits/master_controller/nits-yantrarnav/ros2_ws/build/my_robot_controller/prefix_override:/usr/lib/python3/dist-packages/colcon_core/task/python/colcon_distutils_commands:/home/nits/master_controller/nits-yantrarnav/ros2_ws/install/my_robot_controller/lib/python3.10/site-packages:${PYTHONPATH} /usr/bin/python3 -W ignore:setup.py install is deprecated -W ignore:easy_install command is deprecated setup.py egg_info --egg-base ../../build/my_robot_controller build --build-base /home/nits/master_controller/nits-yantrarnav/ros2_ws/build/my_robot_controller/build install --record /home/nits/master_controller/nits-yantrarnav/ros2_ws/build/my_robot_controller/install.log --single-version-externally-managed install_data
[2.412s] /home/nits/.local/lib/python3.10/site-packages/setuptools/_distutils/dist.py:289: UserWarning: Unknown distribution option: 'tests_require'
[2.412s]   warnings.warn(msg)
[2.672s] running egg_info
[2.714s] writing ../../build/my_robot_controller/my_robot_controller.egg-info/PKG-INFO
[2.715s] writing dependency_links to ../../build/my_robot_controller/my_robot_controller.egg-info/dependency_links.txt
[2.715s] writing entry points to ../../build/my_robot_controller/my_robot_controller.egg-info/entry_points.txt
[2.716s] writing requirements to ../../build/my_robot_controller/my_robot_controller.egg-info/requires.txt
[2.716s] writing top-level names to ../../build/my_robot_controller/my_robot_controller.egg-info/top_level.txt
[2.804s] reading manifest file '../../build/my_robot_controller/my_robot_controller.egg-info/SOURCES.txt'
[2.807s] writing manifest file '../../build/my_robot_controller/my_robot_controller.egg-info/SOURCES.txt'
[2.807s] running build
[2.808s] running build_py
[2.808s] copying my_robot_controller/flat_area_processor.py -> /home/nits/master_controller/nits-yantrarnav/ros2_ws/build/my_robot_controller/build/lib/my_robot_controller
[2.808s] copying my_robot_controller/__init__.py -> /home/nits/master_controller/nits-yantrarnav/ros2_ws/build/my_robot_controller/build/lib/my_robot_controller
[2.809s] running install
[2.819s] running install_lib
[2.865s] running install_data
[2.865s] copying resource/my_robot_controller -> /home/nits/master_controller/nits-yantrarnav/ros2_ws/install/my_robot_controller/share/ament_index/resource_index/packages
[2.866s] copying package.xml -> /home/nits/master_controller/nits-yantrarnav/ros2_ws/install/my_robot_controller/share/my_robot_controller
[2.866s] running install_egg_info
[2.911s] removing '/home/nits/master_controller/nits-yantrarnav/ros2_ws/install/my_robot_controller/lib/python3.10/site-packages/my_robot_controller-0.0.0-py3.10.egg-info' (and everything under it)
[2.911s] Copying ../../build/my_robot_controller/my_robot_controller.egg-info to /home/nits/master_controller/nits-yantrarnav/ros2_ws/install/my_robot_controller/lib/python3.10/site-packages/my_robot_controller-0.0.0-py3.10.egg-info
[2.914s] running install_scripts
[3.257s] Installing flat_area_processor script to /home/nits/master_controller/nits-yantrarnav/ros2_ws/install/my_robot_controller/lib/my_robot_controller
[3.258s] writing list of installed files to '/home/nits/master_controller/nits-yantrarnav/ros2_ws/build/my_robot_controller/install.log'
[3.351s] Invoked command in '/home/nits/master_controller/nits-yantrarnav/ros2_ws/src/my_robot_controller' returned '0': PYTHONPATH=/home/nits/master_controller/nits-yantrarnav/ros2_ws/build/my_robot_controller/prefix_override:/usr/lib/python3/dist-packages/colcon_core/task/python/colcon_distutils_commands:/home/nits/master_controller/nits-yantrarnav/ros2_ws/install/my_robot_controller/lib/python3.10/site-packages:${PYTHONPATH} /usr/bin/python3 -W ignore:setup.py install is deprecated -W ignore:easy_install command is deprecated setup.py egg_info --egg-base ../../build/my_robot_controller build --build-base /home/nits/master_controller/nits-yantrarnav/ros2_ws/build/my_robot_controller/build install --record /home/nits/master_controller/nits-yantrarnav/ros2_ws/build/my_robot_controller/install.log --single-version-externally-managed install_data
