[1.433s] Invoking command in '/mnt/f/NITS/ANAV/main/ros2_Ws/build/my_drone_launcher': AMENT_PREFIX_PATH=/mnt/f/NITS/ANAV/main/ros2_Ws/install/my_robot_controller:/mnt/f/NITS/ANAV/main/ros2_Ws/install/my_robot_launcher:/mnt/f/NITS/ANAV/main/ros2_Ws/install/my_drone_launcher:/opt/ros/humble CMAKE_PREFIX_PATH=${CMAKE_PREFIX_PATH}:/mnt/f/NITS/ANAV/main/ros2_Ws/install/my_robot_controller:/opt/ros/humble /usr/bin/cmake --build /mnt/f/NITS/ANAV/main/ros2_Ws/build/my_drone_launcher -- -j8 -l8
[2.183s] Invoked command in '/mnt/f/NITS/ANAV/main/ros2_Ws/build/my_drone_launcher' returned '0': AMENT_PREFIX_PATH=/mnt/f/NITS/ANAV/main/ros2_Ws/install/my_robot_controller:/mnt/f/NITS/ANAV/main/ros2_Ws/install/my_robot_launcher:/mnt/f/NITS/ANAV/main/ros2_Ws/install/my_drone_launcher:/opt/ros/humble CMAKE_PREFIX_PATH=${CMAKE_PREFIX_PATH}:/mnt/f/NITS/ANAV/main/ros2_Ws/install/my_robot_controller:/opt/ros/humble /usr/bin/cmake --build /mnt/f/NITS/ANAV/main/ros2_Ws/build/my_drone_launcher -- -j8 -l8
[2.372s] Invoking command in '/mnt/f/NITS/ANAV/main/ros2_Ws/build/my_drone_launcher': AMENT_PREFIX_PATH=/mnt/f/NITS/ANAV/main/ros2_Ws/install/my_robot_controller:/mnt/f/NITS/ANAV/main/ros2_Ws/install/my_robot_launcher:/mnt/f/NITS/ANAV/main/ros2_Ws/install/my_drone_launcher:/opt/ros/humble CMAKE_PREFIX_PATH=${CMAKE_PREFIX_PATH}:/mnt/f/NITS/ANAV/main/ros2_Ws/install/my_robot_controller:/opt/ros/humble /usr/bin/cmake --install /mnt/f/NITS/ANAV/main/ros2_Ws/build/my_drone_launcher
[2.496s] -- Install configuration: ""
[2.542s] -- Up-to-date: /mnt/f/NITS/ANAV/main/ros2_Ws/install/my_drone_launcher/share/my_drone_launcher/launch
[2.664s] -- Installing: /mnt/f/NITS/ANAV/main/ros2_Ws/install/my_drone_launcher/share/my_drone_launcher/launch/drone.launch.py
[3.100s] -- Up-to-date: /mnt/f/NITS/ANAV/main/ros2_Ws/install/my_drone_launcher/share/ament_index/resource_index/package_run_dependencies/my_drone_launcher
[3.262s] -- Up-to-date: /mnt/f/NITS/ANAV/main/ros2_Ws/install/my_drone_launcher/share/ament_index/resource_index/parent_prefix_path/my_drone_launcher
[3.344s] -- Up-to-date: /mnt/f/NITS/ANAV/main/ros2_Ws/install/my_drone_launcher/share/my_drone_launcher/environment/ament_prefix_path.sh
[3.458s] -- Up-to-date: /mnt/f/NITS/ANAV/main/ros2_Ws/install/my_drone_launcher/share/my_drone_launcher/environment/ament_prefix_path.dsv
[3.525s] -- Up-to-date: /mnt/f/NITS/ANAV/main/ros2_Ws/install/my_drone_launcher/share/my_drone_launcher/environment/path.sh
[3.609s] -- Up-to-date: /mnt/f/NITS/ANAV/main/ros2_Ws/install/my_drone_launcher/share/my_drone_launcher/environment/path.dsv
[3.677s] -- Up-to-date: /mnt/f/NITS/ANAV/main/ros2_Ws/install/my_drone_launcher/share/my_drone_launcher/local_setup.bash
[3.739s] -- Up-to-date: /mnt/f/NITS/ANAV/main/ros2_Ws/install/my_drone_launcher/share/my_drone_launcher/local_setup.sh
[3.802s] -- Up-to-date: /mnt/f/NITS/ANAV/main/ros2_Ws/install/my_drone_launcher/share/my_drone_launcher/local_setup.zsh
[3.865s] -- Up-to-date: /mnt/f/NITS/ANAV/main/ros2_Ws/install/my_drone_launcher/share/my_drone_launcher/local_setup.dsv
[3.929s] -- Installing: /mnt/f/NITS/ANAV/main/ros2_Ws/install/my_drone_launcher/share/my_drone_launcher/package.dsv
[4.124s] -- Up-to-date: /mnt/f/NITS/ANAV/main/ros2_Ws/install/my_drone_launcher/share/ament_index/resource_index/packages/my_drone_launcher
[4.177s] -- Up-to-date: /mnt/f/NITS/ANAV/main/ros2_Ws/install/my_drone_launcher/share/my_drone_launcher/cmake/my_drone_launcherConfig.cmake
[4.219s] -- Up-to-date: /mnt/f/NITS/ANAV/main/ros2_Ws/install/my_drone_launcher/share/my_drone_launcher/cmake/my_drone_launcherConfig-version.cmake
[4.273s] -- Up-to-date: /mnt/f/NITS/ANAV/main/ros2_Ws/install/my_drone_launcher/share/my_drone_launcher/package.xml
[4.295s] Invoked command in '/mnt/f/NITS/ANAV/main/ros2_Ws/build/my_drone_launcher' returned '0': AMENT_PREFIX_PATH=/mnt/f/NITS/ANAV/main/ros2_Ws/install/my_robot_controller:/mnt/f/NITS/ANAV/main/ros2_Ws/install/my_robot_launcher:/mnt/f/NITS/ANAV/main/ros2_Ws/install/my_drone_launcher:/opt/ros/humble CMAKE_PREFIX_PATH=${CMAKE_PREFIX_PATH}:/mnt/f/NITS/ANAV/main/ros2_Ws/install/my_robot_controller:/opt/ros/humble /usr/bin/cmake --install /mnt/f/NITS/ANAV/main/ros2_Ws/build/my_drone_launcher
