[0.455s] Invoking command in '/mnt/f/NITS/ANAV/main/build/my_drone_launcher': AMENT_PREFIX_PATH=/mnt/f/NITS/ANAV/main/install/my_robot_controller:${AMENT_PREFIX_PATH} CMAKE_PREFIX_PATH=${CMAKE_PREFIX_PATH}:/mnt/f/NITS/ANAV/main/ros2_Ws/install/my_robot_controller:/opt/ros/humble PYTHONPATH=/mnt/f/NITS/ANAV/main/install/my_robot_controller/lib/python3.10/site-packages:${PYTHONPATH} /usr/bin/cmake /mnt/f/NITS/ANAV/main/ros2_Ws/src/my_drone_launcher -DCMAKE_INSTALL_PREFIX=/mnt/f/NITS/ANAV/main/install/my_drone_launcher
[1.665s] -- The C compiler identification is GNU 11.4.0
[3.153s] -- The CXX compiler identification is GNU 11.4.0
[3.887s] -- Detecting C compiler ABI info
[4.583s] -- Detecting C compiler ABI info - done
[4.607s] -- Check for working C compiler: /usr/bin/cc - skipped
[4.621s] -- Detecting C compile features
[4.622s] -- Detecting C compile features - done
[4.656s] -- Detecting CXX compiler ABI info
[5.421s] -- Detecting CXX compiler ABI info - done
[5.445s] -- Check for working CXX compiler: /usr/bin/c++ - skipped
[5.446s] -- Detecting CXX compile features
[5.447s] -- Detecting CXX compile features - done
[5.646s] -- Found ament_cmake: 1.3.11 (/opt/ros/humble/share/ament_cmake/cmake)
[7.220s] -- Found Python3: /usr/bin/python3 (found version "3.10.12") found components: Interpreter 
[8.989s] -- Configuring done
[9.350s] -- Generating done
[9.772s] -- Build files have been written to: /mnt/f/NITS/ANAV/main/build/my_drone_launcher
[9.785s] Invoked command in '/mnt/f/NITS/ANAV/main/build/my_drone_launcher' returned '0': AMENT_PREFIX_PATH=/mnt/f/NITS/ANAV/main/install/my_robot_controller:${AMENT_PREFIX_PATH} CMAKE_PREFIX_PATH=${CMAKE_PREFIX_PATH}:/mnt/f/NITS/ANAV/main/ros2_Ws/install/my_robot_controller:/opt/ros/humble PYTHONPATH=/mnt/f/NITS/ANAV/main/install/my_robot_controller/lib/python3.10/site-packages:${PYTHONPATH} /usr/bin/cmake /mnt/f/NITS/ANAV/main/ros2_Ws/src/my_drone_launcher -DCMAKE_INSTALL_PREFIX=/mnt/f/NITS/ANAV/main/install/my_drone_launcher
[9.786s] Invoking command in '/mnt/f/NITS/ANAV/main/build/my_drone_launcher': AMENT_PREFIX_PATH=/mnt/f/NITS/ANAV/main/install/my_robot_controller:${AMENT_PREFIX_PATH} CMAKE_PREFIX_PATH=${CMAKE_PREFIX_PATH}:/mnt/f/NITS/ANAV/main/ros2_Ws/install/my_robot_controller:/opt/ros/humble PYTHONPATH=/mnt/f/NITS/ANAV/main/install/my_robot_controller/lib/python3.10/site-packages:${PYTHONPATH} /usr/bin/cmake --build /mnt/f/NITS/ANAV/main/build/my_drone_launcher -- -j8 -l8
[9.892s] Invoked command in '/mnt/f/NITS/ANAV/main/build/my_drone_launcher' returned '0': AMENT_PREFIX_PATH=/mnt/f/NITS/ANAV/main/install/my_robot_controller:${AMENT_PREFIX_PATH} CMAKE_PREFIX_PATH=${CMAKE_PREFIX_PATH}:/mnt/f/NITS/ANAV/main/ros2_Ws/install/my_robot_controller:/opt/ros/humble PYTHONPATH=/mnt/f/NITS/ANAV/main/install/my_robot_controller/lib/python3.10/site-packages:${PYTHONPATH} /usr/bin/cmake --build /mnt/f/NITS/ANAV/main/build/my_drone_launcher -- -j8 -l8
[10.033s] Invoking command in '/mnt/f/NITS/ANAV/main/build/my_drone_launcher': AMENT_PREFIX_PATH=/mnt/f/NITS/ANAV/main/install/my_robot_controller:${AMENT_PREFIX_PATH} CMAKE_PREFIX_PATH=${CMAKE_PREFIX_PATH}:/mnt/f/NITS/ANAV/main/ros2_Ws/install/my_robot_controller:/opt/ros/humble PYTHONPATH=/mnt/f/NITS/ANAV/main/install/my_robot_controller/lib/python3.10/site-packages:${PYTHONPATH} /usr/bin/cmake --install /mnt/f/NITS/ANAV/main/build/my_drone_launcher
[10.057s] -- Install configuration: ""
[10.083s] -- Installing: /mnt/f/NITS/ANAV/main/install/my_drone_launcher/share/my_drone_launcher/launch
[10.167s] -- Installing: /mnt/f/NITS/ANAV/main/install/my_drone_launcher/share/my_drone_launcher/launch/drone.launch.py
[10.241s] -- Installing: /mnt/f/NITS/ANAV/main/install/my_drone_launcher/share/ament_index/resource_index/package_run_dependencies/my_drone_launcher
[10.325s] -- Installing: /mnt/f/NITS/ANAV/main/install/my_drone_launcher/share/ament_index/resource_index/parent_prefix_path/my_drone_launcher
[10.400s] -- Installing: /mnt/f/NITS/ANAV/main/install/my_drone_launcher/share/my_drone_launcher/environment/ament_prefix_path.sh
[10.446s] -- Installing: /mnt/f/NITS/ANAV/main/install/my_drone_launcher/share/my_drone_launcher/environment/ament_prefix_path.dsv
[10.494s] -- Installing: /mnt/f/NITS/ANAV/main/install/my_drone_launcher/share/my_drone_launcher/environment/path.sh
[10.537s] -- Installing: /mnt/f/NITS/ANAV/main/install/my_drone_launcher/share/my_drone_launcher/environment/path.dsv
[10.588s] -- Installing: /mnt/f/NITS/ANAV/main/install/my_drone_launcher/share/my_drone_launcher/local_setup.bash
[10.638s] -- Installing: /mnt/f/NITS/ANAV/main/install/my_drone_launcher/share/my_drone_launcher/local_setup.sh
[10.700s] -- Installing: /mnt/f/NITS/ANAV/main/install/my_drone_launcher/share/my_drone_launcher/local_setup.zsh
[10.743s] -- Installing: /mnt/f/NITS/ANAV/main/install/my_drone_launcher/share/my_drone_launcher/local_setup.dsv
[10.807s] -- Installing: /mnt/f/NITS/ANAV/main/install/my_drone_launcher/share/my_drone_launcher/package.dsv
[11.024s] -- Installing: /mnt/f/NITS/ANAV/main/install/my_drone_launcher/share/ament_index/resource_index/packages/my_drone_launcher
[11.106s] -- Installing: /mnt/f/NITS/ANAV/main/install/my_drone_launcher/share/my_drone_launcher/cmake/my_drone_launcherConfig.cmake
[11.158s] -- Installing: /mnt/f/NITS/ANAV/main/install/my_drone_launcher/share/my_drone_launcher/cmake/my_drone_launcherConfig-version.cmake
[11.223s] -- Installing: /mnt/f/NITS/ANAV/main/install/my_drone_launcher/share/my_drone_launcher/package.xml
[11.270s] Invoked command in '/mnt/f/NITS/ANAV/main/build/my_drone_launcher' returned '0': AMENT_PREFIX_PATH=/mnt/f/NITS/ANAV/main/install/my_robot_controller:${AMENT_PREFIX_PATH} CMAKE_PREFIX_PATH=${CMAKE_PREFIX_PATH}:/mnt/f/NITS/ANAV/main/ros2_Ws/install/my_robot_controller:/opt/ros/humble PYTHONPATH=/mnt/f/NITS/ANAV/main/install/my_robot_controller/lib/python3.10/site-packages:${PYTHONPATH} /usr/bin/cmake --install /mnt/f/NITS/ANAV/main/build/my_drone_launcher
