[2.683s] Invoking command in '/home/nits/master_controller/nits-yantrarnav/build/boundary_mapper': NX_CONNECTION=172.20.10.2 64421 172.20.10.8 4000 PYTHONPATH=/home/nits/master_controller/nits-yantrarnav/build/boundary_mapper/prefix_override:/usr/lib/python3/dist-packages/colcon_core/task/python/colcon_distutils_commands:/home/nits/master_controller/nits-yantrarnav/install/boundary_mapper/lib/python3.10/site-packages:${PYTHONPATH} /usr/bin/python3 -W ignore:setup.py install is deprecated -W ignore:easy_install command is deprecated setup.py develop --uninstall --editable --build-directory /home/nits/master_controller/nits-yantrarnav/build/boundary_mapper/build
[3.222s] /home/nits/.local/lib/python3.10/site-packages/setuptools/_distutils/dist.py:289: UserWarning: Unknown distribution option: 'tests_require'
[3.223s]   warnings.warn(msg)
[3.820s] running develop
[4.558s] Removing /home/nits/master_controller/nits-yantrarnav/install/boundary_mapper/lib/python3.10/site-packages/boundary-mapper.egg-link (link to .)
[4.698s] Invoked command in '/home/nits/master_controller/nits-yantrarnav/build/boundary_mapper' returned '0': NX_CONNECTION=172.20.10.2 64421 172.20.10.8 4000 PYTHONPATH=/home/nits/master_controller/nits-yantrarnav/build/boundary_mapper/prefix_override:/usr/lib/python3/dist-packages/colcon_core/task/python/colcon_distutils_commands:/home/nits/master_controller/nits-yantrarnav/install/boundary_mapper/lib/python3.10/site-packages:${PYTHONPATH} /usr/bin/python3 -W ignore:setup.py install is deprecated -W ignore:easy_install command is deprecated setup.py develop --uninstall --editable --build-directory /home/nits/master_controller/nits-yantrarnav/build/boundary_mapper/build
[4.709s] Invoking command in '/home/nits/master_controller/nits-yantrarnav/ros2_Ws/src/boundary_mapper': NX_CONNECTION=172.20.10.2 64421 172.20.10.8 4000 PYTHONPATH=/home/nits/master_controller/nits-yantrarnav/build/boundary_mapper/prefix_override:/usr/lib/python3/dist-packages/colcon_core/task/python/colcon_distutils_commands:/home/nits/master_controller/nits-yantrarnav/install/boundary_mapper/lib/python3.10/site-packages:${PYTHONPATH} /usr/bin/python3 -W ignore:setup.py install is deprecated -W ignore:easy_install command is deprecated setup.py egg_info --egg-base ../../../build/boundary_mapper build --build-base /home/nits/master_controller/nits-yantrarnav/build/boundary_mapper/build install --record /home/nits/master_controller/nits-yantrarnav/build/boundary_mapper/install.log --single-version-externally-managed install_data --force
[5.305s] /home/nits/.local/lib/python3.10/site-packages/setuptools/_distutils/dist.py:289: UserWarning: Unknown distribution option: 'tests_require'
[5.306s]   warnings.warn(msg)
[5.687s] running egg_info
[5.752s] writing ../../../build/boundary_mapper/boundary_mapper.egg-info/PKG-INFO
[5.755s] writing dependency_links to ../../../build/boundary_mapper/boundary_mapper.egg-info/dependency_links.txt
[5.756s] writing entry points to ../../../build/boundary_mapper/boundary_mapper.egg-info/entry_points.txt
[5.758s] writing requirements to ../../../build/boundary_mapper/boundary_mapper.egg-info/requires.txt
[5.758s] writing top-level names to ../../../build/boundary_mapper/boundary_mapper.egg-info/top_level.txt
[5.880s] reading manifest file '../../../build/boundary_mapper/boundary_mapper.egg-info/SOURCES.txt'
[5.888s] writing manifest file '../../../build/boundary_mapper/boundary_mapper.egg-info/SOURCES.txt'
[5.889s] running build
[5.890s] running build_py
[5.890s] creating /home/nits/master_controller/nits-yantrarnav/build/boundary_mapper/build/lib/boundary_mapper
[5.892s] copying boundary_mapper/edge_calculator.py -> /home/nits/master_controller/nits-yantrarnav/build/boundary_mapper/build/lib/boundary_mapper
[5.892s] copying boundary_mapper/navigator.py -> /home/nits/master_controller/nits-yantrarnav/build/boundary_mapper/build/lib/boundary_mapper
[5.892s] copying boundary_mapper/mapper.py -> /home/nits/master_controller/nits-yantrarnav/build/boundary_mapper/build/lib/boundary_mapper
[5.892s] copying boundary_mapper/__init__.py -> /home/nits/master_controller/nits-yantrarnav/build/boundary_mapper/build/lib/boundary_mapper
[5.894s] running install
[5.903s] running install_lib
[5.964s] creating /home/nits/master_controller/nits-yantrarnav/install/boundary_mapper/lib/python3.10/site-packages/boundary_mapper
[5.966s] copying /home/nits/master_controller/nits-yantrarnav/build/boundary_mapper/build/lib/boundary_mapper/edge_calculator.py -> /home/nits/master_controller/nits-yantrarnav/install/boundary_mapper/lib/python3.10/site-packages/boundary_mapper
[5.968s] copying /home/nits/master_controller/nits-yantrarnav/build/boundary_mapper/build/lib/boundary_mapper/navigator.py -> /home/nits/master_controller/nits-yantrarnav/install/boundary_mapper/lib/python3.10/site-packages/boundary_mapper
[5.970s] copying /home/nits/master_controller/nits-yantrarnav/build/boundary_mapper/build/lib/boundary_mapper/mapper.py -> /home/nits/master_controller/nits-yantrarnav/install/boundary_mapper/lib/python3.10/site-packages/boundary_mapper
[5.971s] copying /home/nits/master_controller/nits-yantrarnav/build/boundary_mapper/build/lib/boundary_mapper/__init__.py -> /home/nits/master_controller/nits-yantrarnav/install/boundary_mapper/lib/python3.10/site-packages/boundary_mapper
[5.974s] byte-compiling /home/nits/master_controller/nits-yantrarnav/install/boundary_mapper/lib/python3.10/site-packages/boundary_mapper/edge_calculator.py to edge_calculator.cpython-310.pyc
[5.984s] byte-compiling /home/nits/master_controller/nits-yantrarnav/install/boundary_mapper/lib/python3.10/site-packages/boundary_mapper/navigator.py to navigator.cpython-310.pyc
[5.991s] byte-compiling /home/nits/master_controller/nits-yantrarnav/install/boundary_mapper/lib/python3.10/site-packages/boundary_mapper/mapper.py to mapper.cpython-310.pyc
[6.002s] byte-compiling /home/nits/master_controller/nits-yantrarnav/install/boundary_mapper/lib/python3.10/site-packages/boundary_mapper/__init__.py to __init__.cpython-310.pyc
[6.003s] running install_data
[6.009s] copying resource/boundary_mapper -> /home/nits/master_controller/nits-yantrarnav/install/boundary_mapper/share/ament_index/resource_index/packages
[6.009s] copying package.xml -> /home/nits/master_controller/nits-yantrarnav/install/boundary_mapper/share/boundary_mapper
[6.009s] running install_egg_info
[6.066s] Copying ../../../build/boundary_mapper/boundary_mapper.egg-info to /home/nits/master_controller/nits-yantrarnav/install/boundary_mapper/lib/python3.10/site-packages/boundary_mapper-0.0.0-py3.10.egg-info
[6.072s] running install_scripts
[6.482s] Installing edge_calculator script to /home/nits/master_controller/nits-yantrarnav/install/boundary_mapper/lib/boundary_mapper
[6.484s] Installing mapper script to /home/nits/master_controller/nits-yantrarnav/install/boundary_mapper/lib/boundary_mapper
[6.484s] Installing navigator script to /home/nits/master_controller/nits-yantrarnav/install/boundary_mapper/lib/boundary_mapper
[6.486s] writing list of installed files to '/home/nits/master_controller/nits-yantrarnav/build/boundary_mapper/install.log'
[6.671s] Invoked command in '/home/nits/master_controller/nits-yantrarnav/ros2_Ws/src/boundary_mapper' returned '0': NX_CONNECTION=172.20.10.2 64421 172.20.10.8 4000 PYTHONPATH=/home/nits/master_controller/nits-yantrarnav/build/boundary_mapper/prefix_override:/usr/lib/python3/dist-packages/colcon_core/task/python/colcon_distutils_commands:/home/nits/master_controller/nits-yantrarnav/install/boundary_mapper/lib/python3.10/site-packages:${PYTHONPATH} /usr/bin/python3 -W ignore:setup.py install is deprecated -W ignore:easy_install command is deprecated setup.py egg_info --egg-base ../../../build/boundary_mapper build --build-base /home/nits/master_controller/nits-yantrarnav/build/boundary_mapper/build install --record /home/nits/master_controller/nits-yantrarnav/build/boundary_mapper/install.log --single-version-externally-managed install_data --force
