[0.306s] Invoking command in '/mnt/f/NITS/ANAV/main/build/my_robot_launcher': AMENT_PREFIX_PATH=/mnt/f/NITS/ANAV/main/install/my_robot_controller:/mnt/f/NITS/ANAV/main/install/my_robot_launcher:/mnt/f/NITS/ANAV/main/install/my_drone_launcher:/mnt/f/NITS/ANAV/main/ros2_Ws/install/my_robot_launcher:/mnt/f/NITS/ANAV/main/ros2_Ws/install/my_drone_launcher:/mnt/f/NITS/ANAV/main/ros2_Ws/install/my_robot_controller:/opt/ros/humble CMAKE_PREFIX_PATH=${CMAKE_PREFIX_PATH}:/mnt/f/NITS/ANAV/main/install/my_robot_controller:/mnt/f/NITS/ANAV/main/ros2_Ws/install/my_robot_controller:/opt/ros/humble /usr/bin/cmake --build /mnt/f/NITS/ANAV/main/build/my_robot_launcher -- -j8 -l8
[0.386s] Invoked command in '/mnt/f/NITS/ANAV/main/build/my_robot_launcher' returned '0': AMENT_PREFIX_PATH=/mnt/f/NITS/ANAV/main/install/my_robot_controller:/mnt/f/NITS/ANAV/main/install/my_robot_launcher:/mnt/f/NITS/ANAV/main/install/my_drone_launcher:/mnt/f/NITS/ANAV/main/ros2_Ws/install/my_robot_launcher:/mnt/f/NITS/ANAV/main/ros2_Ws/install/my_drone_launcher:/mnt/f/NITS/ANAV/main/ros2_Ws/install/my_robot_controller:/opt/ros/humble CMAKE_PREFIX_PATH=${CMAKE_PREFIX_PATH}:/mnt/f/NITS/ANAV/main/install/my_robot_controller:/mnt/f/NITS/ANAV/main/ros2_Ws/install/my_robot_controller:/opt/ros/humble /usr/bin/cmake --build /mnt/f/NITS/ANAV/main/build/my_robot_launcher -- -j8 -l8
[0.401s] Invoking command in '/mnt/f/NITS/ANAV/main/build/my_robot_launcher': AMENT_PREFIX_PATH=/mnt/f/NITS/ANAV/main/install/my_robot_controller:/mnt/f/NITS/ANAV/main/install/my_robot_launcher:/mnt/f/NITS/ANAV/main/install/my_drone_launcher:/mnt/f/NITS/ANAV/main/ros2_Ws/install/my_robot_launcher:/mnt/f/NITS/ANAV/main/ros2_Ws/install/my_drone_launcher:/mnt/f/NITS/ANAV/main/ros2_Ws/install/my_robot_controller:/opt/ros/humble CMAKE_PREFIX_PATH=${CMAKE_PREFIX_PATH}:/mnt/f/NITS/ANAV/main/install/my_robot_controller:/mnt/f/NITS/ANAV/main/ros2_Ws/install/my_robot_controller:/opt/ros/humble /usr/bin/cmake --install /mnt/f/NITS/ANAV/main/build/my_robot_launcher
[0.410s] -- Install configuration: ""
[0.418s] -- Up-to-date: /mnt/f/NITS/ANAV/main/install/my_robot_launcher/share/my_robot_launcher/launch
[0.442s] -- Up-to-date: /mnt/f/NITS/ANAV/main/install/my_robot_launcher/share/my_robot_launcher/launch/robot.launch.old.py
[0.460s] -- Up-to-date: /mnt/f/NITS/ANAV/main/install/my_robot_launcher/share/my_robot_launcher/launch/robot.launch.py
[0.478s] -- Installing: /mnt/f/NITS/ANAV/main/install/my_robot_launcher/share/my_robot_launcher/launch/robot.launch.separate.py
[0.559s] -- Up-to-date: /mnt/f/NITS/ANAV/main/install/my_robot_launcher/share/ament_index/resource_index/package_run_dependencies/my_robot_launcher
[0.587s] -- Up-to-date: /mnt/f/NITS/ANAV/main/install/my_robot_launcher/share/ament_index/resource_index/parent_prefix_path/my_robot_launcher
[0.598s] -- Up-to-date: /mnt/f/NITS/ANAV/main/install/my_robot_launcher/share/my_robot_launcher/environment/ament_prefix_path.sh
[0.614s] -- Up-to-date: /mnt/f/NITS/ANAV/main/install/my_robot_launcher/share/my_robot_launcher/environment/ament_prefix_path.dsv
[0.626s] -- Up-to-date: /mnt/f/NITS/ANAV/main/install/my_robot_launcher/share/my_robot_launcher/environment/path.sh
[0.644s] -- Up-to-date: /mnt/f/NITS/ANAV/main/install/my_robot_launcher/share/my_robot_launcher/environment/path.dsv
[0.658s] -- Up-to-date: /mnt/f/NITS/ANAV/main/install/my_robot_launcher/share/my_robot_launcher/local_setup.bash
[0.670s] -- Up-to-date: /mnt/f/NITS/ANAV/main/install/my_robot_launcher/share/my_robot_launcher/local_setup.sh
[0.683s] -- Up-to-date: /mnt/f/NITS/ANAV/main/install/my_robot_launcher/share/my_robot_launcher/local_setup.zsh
[0.697s] -- Up-to-date: /mnt/f/NITS/ANAV/main/install/my_robot_launcher/share/my_robot_launcher/local_setup.dsv
[0.711s] -- Installing: /mnt/f/NITS/ANAV/main/install/my_robot_launcher/share/my_robot_launcher/package.dsv
[0.772s] -- Up-to-date: /mnt/f/NITS/ANAV/main/install/my_robot_launcher/share/ament_index/resource_index/packages/my_robot_launcher
[0.790s] -- Up-to-date: /mnt/f/NITS/ANAV/main/install/my_robot_launcher/share/my_robot_launcher/cmake/my_robot_launcherConfig.cmake
[0.804s] -- Up-to-date: /mnt/f/NITS/ANAV/main/install/my_robot_launcher/share/my_robot_launcher/cmake/my_robot_launcherConfig-version.cmake
[0.826s] -- Up-to-date: /mnt/f/NITS/ANAV/main/install/my_robot_launcher/share/my_robot_launcher/package.xml
[1.144s] Invoked command in '/mnt/f/NITS/ANAV/main/build/my_robot_launcher' returned '0': AMENT_PREFIX_PATH=/mnt/f/NITS/ANAV/main/install/my_robot_controller:/mnt/f/NITS/ANAV/main/install/my_robot_launcher:/mnt/f/NITS/ANAV/main/install/my_drone_launcher:/mnt/f/NITS/ANAV/main/ros2_Ws/install/my_robot_launcher:/mnt/f/NITS/ANAV/main/ros2_Ws/install/my_drone_launcher:/mnt/f/NITS/ANAV/main/ros2_Ws/install/my_robot_controller:/opt/ros/humble CMAKE_PREFIX_PATH=${CMAKE_PREFIX_PATH}:/mnt/f/NITS/ANAV/main/install/my_robot_controller:/mnt/f/NITS/ANAV/main/ros2_Ws/install/my_robot_controller:/opt/ros/humble /usr/bin/cmake --install /mnt/f/NITS/ANAV/main/build/my_robot_launcher
