running egg_info
writing ../../build/my_robot_controller/my_robot_controller.egg-info/PKG-INFO
writing dependency_links to ../../build/my_robot_controller/my_robot_controller.egg-info/dependency_links.txt
writing entry points to ../../build/my_robot_controller/my_robot_controller.egg-info/entry_points.txt
writing requirements to ../../build/my_robot_controller/my_robot_controller.egg-info/requires.txt
writing top-level names to ../../build/my_robot_controller/my_robot_controller.egg-info/top_level.txt
reading manifest file '../../build/my_robot_controller/my_robot_controller.egg-info/SOURCES.txt'
writing manifest file '../../build/my_robot_controller/my_robot_controller.egg-info/SOURCES.txt'
running build
running build_py
copying my_robot_controller/launch_monitor.py -> /home/nits/master_controller/nits-yantrarnav/ros2_Ws/build/my_robot_controller/build/lib/my_robot_controller
copying my_robot_controller/hover.py -> /home/nits/master_controller/nits-yantrarnav/ros2_Ws/build/my_robot_controller/build/lib/my_robot_controller
copying my_robot_controller/boundary_mapper.py -> /home/nits/master_controller/nits-yantrarnav/ros2_Ws/build/my_robot_controller/build/lib/my_robot_controller
copying my_robot_controller/bridge_server.py -> /home/nits/master_controller/nits-yantrarnav/ros2_Ws/build/my_robot_controller/build/lib/my_robot_controller
copying my_robot_controller/height.py -> /home/nits/master_controller/nits-yantrarnav/ros2_Ws/build/my_robot_controller/build/lib/my_robot_controller
copying my_robot_controller/flat_area_processor.py -> /home/nits/master_controller/nits-yantrarnav/ros2_Ws/build/my_robot_controller/build/lib/my_robot_controller
copying my_robot_controller/boundary_mapper_actualv2.py -> /home/nits/master_controller/nits-yantrarnav/ros2_Ws/build/my_robot_controller/build/lib/my_robot_controller
copying my_robot_controller/path_mover.py -> /home/nits/master_controller/nits-yantrarnav/ros2_Ws/build/my_robot_controller/build/lib/my_robot_controller
copying my_robot_controller/__init__.py -> /home/nits/master_controller/nits-yantrarnav/ros2_Ws/build/my_robot_controller/build/lib/my_robot_controller
copying my_robot_controller/path_planner.py -> /home/nits/master_controller/nits-yantrarnav/ros2_Ws/build/my_robot_controller/build/lib/my_robot_controller
copying my_robot_controller/coordinate.py -> /home/nits/master_controller/nits-yantrarnav/ros2_Ws/build/my_robot_controller/build/lib/my_robot_controller
copying my_robot_controller/mode_launcher.py -> /home/nits/master_controller/nits-yantrarnav/ros2_Ws/build/my_robot_controller/build/lib/my_robot_controller
running install
running install_lib
copying /home/nits/master_controller/nits-yantrarnav/ros2_Ws/build/my_robot_controller/build/lib/my_robot_controller/bridge_server.py -> /home/nits/master_controller/nits-yantrarnav/ros2_Ws/install/my_robot_controller/lib/python3.10/site-packages/my_robot_controller
byte-compiling /home/nits/master_controller/nits-yantrarnav/ros2_Ws/install/my_robot_controller/lib/python3.10/site-packages/my_robot_controller/bridge_server.py to bridge_server.cpython-310.pyc
running install_data
copying resource/my_robot_controller -> /home/nits/master_controller/nits-yantrarnav/ros2_Ws/install/my_robot_controller/share/ament_index/resource_index/packages
copying package.xml -> /home/nits/master_controller/nits-yantrarnav/ros2_Ws/install/my_robot_controller/share/my_robot_controller
running install_egg_info
removing '/home/nits/master_controller/nits-yantrarnav/ros2_Ws/install/my_robot_controller/lib/python3.10/site-packages/my_robot_controller-0.0.0-py3.10.egg-info' (and everything under it)
Copying ../../build/my_robot_controller/my_robot_controller.egg-info to /home/nits/master_controller/nits-yantrarnav/ros2_Ws/install/my_robot_controller/lib/python3.10/site-packages/my_robot_controller-0.0.0-py3.10.egg-info
running install_scripts
Installing boundary_mapper script to /home/nits/master_controller/nits-yantrarnav/ros2_Ws/install/my_robot_controller/lib/my_robot_controller
Installing bridge_server script to /home/nits/master_controller/nits-yantrarnav/ros2_Ws/install/my_robot_controller/lib/my_robot_controller
Installing bridge_server_combined script to /home/nits/master_controller/nits-yantrarnav/ros2_Ws/install/my_robot_controller/lib/my_robot_controller
Installing coordinate script to /home/nits/master_controller/nits-yantrarnav/ros2_Ws/install/my_robot_controller/lib/my_robot_controller
Installing flat_area script to /home/nits/master_controller/nits-yantrarnav/ros2_Ws/install/my_robot_controller/lib/my_robot_controller
Installing height_publisher script to /home/nits/master_controller/nits-yantrarnav/ros2_Ws/install/my_robot_controller/lib/my_robot_controller
Installing hover script to /home/nits/master_controller/nits-yantrarnav/ros2_Ws/install/my_robot_controller/lib/my_robot_controller
Installing launch_checker script to /home/nits/master_controller/nits-yantrarnav/ros2_Ws/install/my_robot_controller/lib/my_robot_controller
Installing mode_controller script to /home/nits/master_controller/nits-yantrarnav/ros2_Ws/install/my_robot_controller/lib/my_robot_controller
Installing odom script to /home/nits/master_controller/nits-yantrarnav/ros2_Ws/install/my_robot_controller/lib/my_robot_controller
Installing path_manual script to /home/nits/master_controller/nits-yantrarnav/ros2_Ws/install/my_robot_controller/lib/my_robot_controller
Installing path_planner script to /home/nits/master_controller/nits-yantrarnav/ros2_Ws/install/my_robot_controller/lib/my_robot_controller
Installing perpendicular_webcam script to /home/nits/master_controller/nits-yantrarnav/ros2_Ws/install/my_robot_controller/lib/my_robot_controller
writing list of installed files to '/home/nits/master_controller/nits-yantrarnav/ros2_Ws/build/my_robot_controller/install.log'
