[0.340s] Invoking command in '/mnt/f/NITS/ANAV/main/build/my_robot_launcher': AMENT_PREFIX_PATH=/mnt/f/NITS/ANAV/main/install/my_robot_controller:${AMENT_PREFIX_PATH} CMAKE_PREFIX_PATH=${CMAKE_PREFIX_PATH}:/mnt/f/NITS/ANAV/main/ros2_Ws/install/my_robot_controller:/opt/ros/humble PYTHONPATH=/mnt/f/NITS/ANAV/main/install/my_robot_controller/lib/python3.10/site-packages:${PYTHONPATH} /usr/bin/cmake /mnt/f/NITS/ANAV/main/ros2_Ws/src/my_robot_launcher -DCMAKE_INSTALL_PREFIX=/mnt/f/NITS/ANAV/main/install/my_robot_launcher
[1.534s] -- The C compiler identification is GNU 11.4.0
[3.219s] -- The CXX compiler identification is GNU 11.4.0
[3.929s] -- Detecting C compiler ABI info
[4.658s] -- Detecting C compiler ABI info - done
[4.695s] -- Check for working C compiler: /usr/bin/cc - skipped
[4.697s] -- Detecting C compile features
[4.698s] -- Detecting C compile features - done
[4.752s] -- Detecting CXX compiler ABI info
[5.459s] -- Detecting CXX compiler ABI info - done
[5.486s] -- Check for working CXX compiler: /usr/bin/c++ - skipped
[5.488s] -- Detecting CXX compile features
[5.489s] -- Detecting CXX compile features - done
[5.621s] -- Found ament_cmake: 1.3.11 (/opt/ros/humble/share/ament_cmake/cmake)
[7.192s] -- Found Python3: /usr/bin/python3 (found version "3.10.12") found components: Interpreter 
[8.907s] -- Configuring done
[9.261s] -- Generating done
[9.659s] -- Build files have been written to: /mnt/f/NITS/ANAV/main/build/my_robot_launcher
[9.676s] Invoked command in '/mnt/f/NITS/ANAV/main/build/my_robot_launcher' returned '0': AMENT_PREFIX_PATH=/mnt/f/NITS/ANAV/main/install/my_robot_controller:${AMENT_PREFIX_PATH} CMAKE_PREFIX_PATH=${CMAKE_PREFIX_PATH}:/mnt/f/NITS/ANAV/main/ros2_Ws/install/my_robot_controller:/opt/ros/humble PYTHONPATH=/mnt/f/NITS/ANAV/main/install/my_robot_controller/lib/python3.10/site-packages:${PYTHONPATH} /usr/bin/cmake /mnt/f/NITS/ANAV/main/ros2_Ws/src/my_robot_launcher -DCMAKE_INSTALL_PREFIX=/mnt/f/NITS/ANAV/main/install/my_robot_launcher
[9.692s] Invoking command in '/mnt/f/NITS/ANAV/main/build/my_robot_launcher': AMENT_PREFIX_PATH=/mnt/f/NITS/ANAV/main/install/my_robot_controller:${AMENT_PREFIX_PATH} CMAKE_PREFIX_PATH=${CMAKE_PREFIX_PATH}:/mnt/f/NITS/ANAV/main/ros2_Ws/install/my_robot_controller:/opt/ros/humble PYTHONPATH=/mnt/f/NITS/ANAV/main/install/my_robot_controller/lib/python3.10/site-packages:${PYTHONPATH} /usr/bin/cmake --build /mnt/f/NITS/ANAV/main/build/my_robot_launcher -- -j8 -l8
[9.954s] Invoked command in '/mnt/f/NITS/ANAV/main/build/my_robot_launcher' returned '0': AMENT_PREFIX_PATH=/mnt/f/NITS/ANAV/main/install/my_robot_controller:${AMENT_PREFIX_PATH} CMAKE_PREFIX_PATH=${CMAKE_PREFIX_PATH}:/mnt/f/NITS/ANAV/main/ros2_Ws/install/my_robot_controller:/opt/ros/humble PYTHONPATH=/mnt/f/NITS/ANAV/main/install/my_robot_controller/lib/python3.10/site-packages:${PYTHONPATH} /usr/bin/cmake --build /mnt/f/NITS/ANAV/main/build/my_robot_launcher -- -j8 -l8
[10.022s] Invoking command in '/mnt/f/NITS/ANAV/main/build/my_robot_launcher': AMENT_PREFIX_PATH=/mnt/f/NITS/ANAV/main/install/my_robot_controller:${AMENT_PREFIX_PATH} CMAKE_PREFIX_PATH=${CMAKE_PREFIX_PATH}:/mnt/f/NITS/ANAV/main/ros2_Ws/install/my_robot_controller:/opt/ros/humble PYTHONPATH=/mnt/f/NITS/ANAV/main/install/my_robot_controller/lib/python3.10/site-packages:${PYTHONPATH} /usr/bin/cmake --install /mnt/f/NITS/ANAV/main/build/my_robot_launcher
[10.048s] -- Install configuration: ""
[10.072s] -- Installing: /mnt/f/NITS/ANAV/main/install/my_robot_launcher/share/my_robot_launcher/launch
[10.099s] -- Installing: /mnt/f/NITS/ANAV/main/install/my_robot_launcher/share/my_robot_launcher/launch/robot.launch.old.py
[10.161s] -- Installing: /mnt/f/NITS/ANAV/main/install/my_robot_launcher/share/my_robot_launcher/launch/robot.launch.py
[10.219s] -- Installing: /mnt/f/NITS/ANAV/main/install/my_robot_launcher/share/my_robot_launcher/launch/robot.launch.separate.py
[10.298s] -- Installing: /mnt/f/NITS/ANAV/main/install/my_robot_launcher/share/ament_index/resource_index/package_run_dependencies/my_robot_launcher
[10.385s] -- Installing: /mnt/f/NITS/ANAV/main/install/my_robot_launcher/share/ament_index/resource_index/parent_prefix_path/my_robot_launcher
[10.449s] -- Installing: /mnt/f/NITS/ANAV/main/install/my_robot_launcher/share/my_robot_launcher/environment/ament_prefix_path.sh
[10.494s] -- Installing: /mnt/f/NITS/ANAV/main/install/my_robot_launcher/share/my_robot_launcher/environment/ament_prefix_path.dsv
[10.553s] -- Installing: /mnt/f/NITS/ANAV/main/install/my_robot_launcher/share/my_robot_launcher/environment/path.sh
[10.616s] -- Installing: /mnt/f/NITS/ANAV/main/install/my_robot_launcher/share/my_robot_launcher/environment/path.dsv
[10.694s] -- Installing: /mnt/f/NITS/ANAV/main/install/my_robot_launcher/share/my_robot_launcher/local_setup.bash
[10.750s] -- Installing: /mnt/f/NITS/ANAV/main/install/my_robot_launcher/share/my_robot_launcher/local_setup.sh
[10.794s] -- Installing: /mnt/f/NITS/ANAV/main/install/my_robot_launcher/share/my_robot_launcher/local_setup.zsh
[10.833s] -- Installing: /mnt/f/NITS/ANAV/main/install/my_robot_launcher/share/my_robot_launcher/local_setup.dsv
[10.871s] -- Installing: /mnt/f/NITS/ANAV/main/install/my_robot_launcher/share/my_robot_launcher/package.dsv
[10.953s] -- Installing: /mnt/f/NITS/ANAV/main/install/my_robot_launcher/share/ament_index/resource_index/packages/my_robot_launcher
[11.034s] -- Installing: /mnt/f/NITS/ANAV/main/install/my_robot_launcher/share/my_robot_launcher/cmake/my_robot_launcherConfig.cmake
[11.091s] -- Installing: /mnt/f/NITS/ANAV/main/install/my_robot_launcher/share/my_robot_launcher/cmake/my_robot_launcherConfig-version.cmake
[11.151s] -- Installing: /mnt/f/NITS/ANAV/main/install/my_robot_launcher/share/my_robot_launcher/package.xml
[11.816s] Invoked command in '/mnt/f/NITS/ANAV/main/build/my_robot_launcher' returned '0': AMENT_PREFIX_PATH=/mnt/f/NITS/ANAV/main/install/my_robot_controller:${AMENT_PREFIX_PATH} CMAKE_PREFIX_PATH=${CMAKE_PREFIX_PATH}:/mnt/f/NITS/ANAV/main/ros2_Ws/install/my_robot_controller:/opt/ros/humble PYTHONPATH=/mnt/f/NITS/ANAV/main/install/my_robot_controller/lib/python3.10/site-packages:${PYTHONPATH} /usr/bin/cmake --install /mnt/f/NITS/ANAV/main/build/my_robot_launcher
